Component: Arm Compiler for Embedded 6.21 Tool: armlink [5ec1fa00]

==============================================================================

Section Cross References

    startup_stm32g431xx.o(STACK) refers (Special) to heapauxi.o(.text) for __use_two_region_memory
    startup_stm32g431xx.o(HEAP) refers (Special) to heapauxi.o(.text) for __use_two_region_memory
    startup_stm32g431xx.o(RESET) refers (Special) to heapauxi.o(.text) for __use_two_region_memory
    startup_stm32g431xx.o(RESET) refers to startup_stm32g431xx.o(STACK) for __initial_sp
    startup_stm32g431xx.o(RESET) refers to startup_stm32g431xx.o(.text) for Reset_Handler
    startup_stm32g431xx.o(RESET) refers to stm32g4xx_it.o(.text.NMI_Handler) for NMI_Handler
    startup_stm32g431xx.o(RESET) refers to stm32g4xx_it.o(.text.HardFault_Handler) for HardFault_Handler
    startup_stm32g431xx.o(RESET) refers to stm32g4xx_it.o(.text.MemManage_Handler) for MemManage_Handler
    startup_stm32g431xx.o(RESET) refers to stm32g4xx_it.o(.text.BusFault_Handler) for BusFault_Handler
    startup_stm32g431xx.o(RESET) refers to stm32g4xx_it.o(.text.UsageFault_Handler) for UsageFault_Handler
    startup_stm32g431xx.o(RESET) refers to stm32g4xx_it.o(.text.SVC_Handler) for SVC_Handler
    startup_stm32g431xx.o(RESET) refers to stm32g4xx_it.o(.text.DebugMon_Handler) for DebugMon_Handler
    startup_stm32g431xx.o(RESET) refers to stm32g4xx_it.o(.text.PendSV_Handler) for PendSV_Handler
    startup_stm32g431xx.o(RESET) refers to stm32g4xx_it.o(.text.SysTick_Handler) for SysTick_Handler
    startup_stm32g431xx.o(RESET) refers to stm32g4xx_it.o(.text.TIM2_IRQHandler) for TIM2_IRQHandler
    startup_stm32g431xx.o(RESET) refers to stm32g4xx_it.o(.text.USART1_IRQHandler) for USART1_IRQHandler
    startup_stm32g431xx.o(RESET) refers to stm32g4xx_it.o(.text.TIM6_DAC_IRQHandler) for TIM6_DAC_IRQHandler
    startup_stm32g431xx.o(.text) refers (Special) to heapauxi.o(.text) for __use_two_region_memory
    startup_stm32g431xx.o(.text) refers to system_stm32g4xx.o(.text.SystemInit) for SystemInit
    startup_stm32g431xx.o(.text) refers to __main.o(!!!main) for __main
    startup_stm32g431xx.o(.text) refers to startup_stm32g431xx.o(HEAP) for Heap_Mem
    startup_stm32g431xx.o(.text) refers to startup_stm32g431xx.o(STACK) for Stack_Mem
    main.o(.text) refers (Special) to _printf_percent.o(.ARM.Collect$$_printf_percent$$00000000) for _printf_percent
    main.o(.text) refers (Special) to _printf_c.o(.ARM.Collect$$_printf_percent$$00000013) for _printf_c
    main.o(.text) refers (Special) to _printf_d.o(.ARM.Collect$$_printf_percent$$00000009) for _printf_d
    main.o(.text) refers (Special) to _printf_dec.o(.text) for _printf_int_dec
    main.o(.text) refers (Special) to _printf_str.o(.text) for _printf_str
    main.o(.text.check) refers (Special) to _printf_percent.o(.ARM.Collect$$_printf_percent$$00000000) for _printf_percent
    main.o(.text.check) refers (Special) to _printf_c.o(.ARM.Collect$$_printf_percent$$00000013) for _printf_c
    main.o(.text.check) refers (Special) to _printf_d.o(.ARM.Collect$$_printf_percent$$00000009) for _printf_d
    main.o(.text.check) refers (Special) to _printf_dec.o(.text) for _printf_int_dec
    main.o(.text.check) refers (Special) to _printf_str.o(.text) for _printf_str
    main.o(.text.check) refers to usart.o(.bss.USART1_RECEIVE_ARRAY) for USART1_RECEIVE_ARRAY
    main.o(.ARM.exidx.text.check) refers (Special) to _printf_percent.o(.ARM.Collect$$_printf_percent$$00000000) for _printf_percent
    main.o(.ARM.exidx.text.check) refers (Special) to _printf_c.o(.ARM.Collect$$_printf_percent$$00000013) for _printf_c
    main.o(.ARM.exidx.text.check) refers (Special) to _printf_d.o(.ARM.Collect$$_printf_percent$$00000009) for _printf_d
    main.o(.ARM.exidx.text.check) refers (Special) to _printf_dec.o(.text) for _printf_int_dec
    main.o(.ARM.exidx.text.check) refers (Special) to _printf_str.o(.text) for _printf_str
    main.o(.ARM.exidx.text.check) refers to main.o(.text.check) for [Anonymous Symbol]
    main.o(.text.HAL_UART_RxCpltCallback) refers (Special) to _printf_percent.o(.ARM.Collect$$_printf_percent$$00000000) for _printf_percent
    main.o(.text.HAL_UART_RxCpltCallback) refers (Special) to _printf_c.o(.ARM.Collect$$_printf_percent$$00000013) for _printf_c
    main.o(.text.HAL_UART_RxCpltCallback) refers (Special) to _printf_d.o(.ARM.Collect$$_printf_percent$$00000009) for _printf_d
    main.o(.text.HAL_UART_RxCpltCallback) refers (Special) to _printf_dec.o(.text) for _printf_int_dec
    main.o(.text.HAL_UART_RxCpltCallback) refers (Special) to _printf_str.o(.text) for _printf_str
    main.o(.text.HAL_UART_RxCpltCallback) refers to usart.o(.bss.USART1_RECEIVE_STATE) for USART1_RECEIVE_STATE
    main.o(.text.HAL_UART_RxCpltCallback) refers to usart.o(.bss.USART1_RECEIVE_DATA) for USART1_RECEIVE_DATA
    main.o(.text.HAL_UART_RxCpltCallback) refers to usart.o(.bss.USART1_RECEIVE_ARRAY) for USART1_RECEIVE_ARRAY
[...]
    .ARM.Collect$$_printf_percent$$00000013  0x0800027e   Section        6  _printf_c.o(.ARM.Collect$$_printf_percent$$00000013)
    .ARM.Collect$$_printf_percent$$00000017  0x08000284   Section        4  _printf_percent_end.o(.ARM.Collect$$_printf_percent$$00000017)
    .ARM.Collect$$libinit$$00000000          0x08000288   Section        2  libinit.o(.ARM.Collect$$libinit$$00000000)
    .ARM.Collect$$libinit$$00000001          0x0800028a   Section        4  libinit2.o(.ARM.Collect$$libinit$$00000001)
    .ARM.Collect$$libinit$$00000004          0x0800028e   Section        0  libinit2.o(.ARM.Collect$$libinit$$00000004)
    .ARM.Collect$$libinit$$00000006          0x0800028e   Section        0  libinit2.o(.ARM.Collect$$libinit$$00000006)
    .ARM.Collect$$libinit$$0000000C          0x0800028e   Section        0  libinit2.o(.ARM.Collect$$libinit$$0000000C)
    .ARM.Collect$$libinit$$0000000E          0x0800028e   Section        0  libinit2.o(.ARM.Collect$$libinit$$0000000E)
    .ARM.Collect$$libinit$$00000010          0x0800028e   Section        0  libinit2.o(.ARM.Collect$$libinit$$00000010)
    .ARM.Collect$$libinit$$00000013          0x0800028e   Section        0  libinit2.o(.ARM.Collect$$libinit$$00000013)
    .ARM.Collect$$libinit$$00000015          0x0800028e   Section        0  libinit2.o(.ARM.Collect$$libinit$$00000015)
    .ARM.Collect$$libinit$$00000017          0x0800028e   Section        0  libinit2.o(.ARM.Collect$$libinit$$00000017)
    .ARM.Collect$$libinit$$00000019          0x0800028e   Section        0  libinit2.o(.ARM.Collect$$libinit$$00000019)
    .ARM.Collect$$libinit$$0000001B          0x0800028e   Section        0  libinit2.o(.ARM.Collect$$libinit$$0000001B)
    .ARM.Collect$$libinit$$0000001D          0x0800028e   Section        0  libinit2.o(.ARM.Collect$$libinit$$0000001D)
    .ARM.Collect$$libinit$$0000001F          0x0800028e   Section        0  libinit2.o(.ARM.Collect$$libinit$$0000001F)
    .ARM.Collect$$libinit$$00000021          0x0800028e   Section        0  libinit2.o(.ARM.Collect$$libinit$$00000021)
    .ARM.Collect$$libinit$$00000023          0x0800028e   Section        0  libinit2.o(.ARM.Collect$$libinit$$00000023)
    .ARM.Collect$$libinit$$00000025          0x0800028e   Section        0  libinit2.o(.ARM.Collect$$libinit$$00000025)
    .ARM.Collect$$libinit$$00000027          0x0800028e   Section        0  libinit2.o(.ARM.Collect$$libinit$$00000027)
    .ARM.Collect$$libinit$$0000002E          0x0800028e   Section        0  libinit2.o(.ARM.Collect$$libinit$$0000002E)
    .ARM.Collect$$libinit$$00000030          0x0800028e   Section        0  libinit2.o(.ARM.Collect$$libinit$$00000030)
    .ARM.Collect$$libinit$$00000032          0x0800028e   Section        0  libinit2.o(.ARM.Collect$$libinit$$00000032)
    .ARM.Collect$$libinit$$00000034          0x0800028e   Section        0  libinit2.o(.ARM.Collect$$libinit$$00000034)
    .ARM.Collect$$libinit$$00000035          0x0800028e   Section        2  libinit2.o(.ARM.Collect$$libinit$$00000035)
    .ARM.Collect$$libshutdown$$00000000      0x08000290   Section        2  libshutdown.o(.ARM.Collect$$libshutdown$$00000000)
    .ARM.Collect$$libshutdown$$00000002      0x08000292   Section        0  libshutdown2.o(.ARM.Collect$$libshutdown$$00000002)
    .ARM.Collect$$libshutdown$$00000004      0x08000292   Section        0  libshutdown2.o(.ARM.Collect$$libshutdown$$00000004)
    .ARM.Collect$$libshutdown$$00000007      0x08000292   Section        0  libshutdown2.o(.ARM.Collect$$libshutdown$$00000007)
    .ARM.Collect$$libshutdown$$0000000A      0x08000292   Section        0  libshutdown2.o(.ARM.Collect$$libshutdown$$0000000A)
    .ARM.Collect$$libshutdown$$0000000C      0x08000292   Section        0  libshutdown2.o(.ARM.Collect$$libshutdown$$0000000C)
    .ARM.Collect$$libshutdown$$0000000F      0x08000292   Section        0  libshutdown2.o(.ARM.Collect$$libshutdown$$0000000F)
    .ARM.Collect$$libshutdown$$00000010      0x08000292   Section        2  libshutdown2.o(.ARM.Collect$$libshutdown$$00000010)
    .ARM.Collect$$rtentry$$00000000          0x08000294   Section        0  __rtentry.o(.ARM.Collect$$rtentry$$00000000)
    .ARM.Collect$$rtentry$$00000002          0x08000294   Section        0  __rtentry2.o(.ARM.Collect$$rtentry$$00000002)
    .ARM.Collect$$rtentry$$00000004          0x08000294   Section        6  __rtentry4.o(.ARM.Collect$$rtentry$$00000004)
    .ARM.Collect$$rtentry$$00000009          0x0800029a   Section        0  __rtentry2.o(.ARM.Collect$$rtentry$$00000009)
    .ARM.Collect$$rtentry$$0000000A          0x0800029a   Section        4  __rtentry2.o(.ARM.Collect$$rtentry$$0000000A)
    .ARM.Collect$$rtentry$$0000000C          0x0800029e   Section        0  __rtentry2.o(.ARM.Collect$$rtentry$$0000000C)
    .ARM.Collect$$rtentry$$0000000D          0x0800029e   Section        8  __rtentry2.o(.ARM.Collect$$rtentry$$0000000D)
    .ARM.Collect$$rtexit$$00000000           0x080002a6   Section        2  rtexit.o(.ARM.Collect$$rtexit$$00000000)
    .ARM.Collect$$rtexit$$00000002           0x080002a8   Section        0  rtexit2.o(.ARM.Collect$$rtexit$$00000002)
    .ARM.Collect$$rtexit$$00000003           0x080002a8   Section        4  rtexit2.o(.ARM.Collect$$rtexit$$00000003)
    .ARM.Collect$$rtexit$$00000004           0x080002ac   Section        6  rtexit2.o(.ARM.Collect$$rtexit$$00000004)
    $v0                                      0x080002b4   Number         0  startup_stm32g431xx.o(.text)
    .text                                    0x080002b4   Section       64  startup_stm32g431xx.o(.text)
    .text                                    0x080002f4   Section      240  lludivv7m.o(.text)
    .text                                    0x080003e4   Section        0  noretval__2printf.o(.text)
    .text                                    0x080003fc   Section        0  noretval__2sprintf.o(.text)
    .text                                    0x08000424   Section        0  __printf.o(.text)
    .text                                    0x0800048c   Section        0  _printf_str.o(.text)
    .text                                    0x080004e0   Section        0  _printf_dec.o(.text)
    .text                                    0x08000558   Section        0  puts.o(.text)
    .text                                    0x08000584   Section       78  rt_memclr_w.o(.text)
    .text                                    0x080005d2   Section        0  heapauxi.o(.text)
    .text                                    0x080005d8   Section        0  _printf_intcommon.o(.text)
    _printf_input_char                       0x0800068d   Thumb Code    10  _printf_char_common.o(.text)
    .text                                    0x0800068c   Section        0  _printf_char_common.o(.text)
    .text                                    0x080006bc   Section        0  _sputc.o(.text)
    .text                                    0x080006c6   Section        0  _printf_char.o(.text)
    .text                                    0x080006f4   Section        0  _printf_char_file.o(.text)
    .text                                    0x08000718   Section        0  ferror.o(.text)
    .text                                    0x08000720   Section       74  sys_stackheap_outer.o(.text)
    .text                                    0x0800076a   Section        0  exit.o(.text)
    .text                                    0x0800077c   Section        8  libspace.o(.text)
    [Anonymous Symbol]                       0x08000784   Section        0  stm32g4xx_it.o(.text.BusFault_Handler)
    [Anonymous Symbol]                       0x08000788   Section        0  stm32g4xx_it.o(.text.DebugMon_Handler)
    [Anonymous Symbol]                       0x0800078c   Section        0  main.o(.text.Error_Handler)
    [Anonymous Symbol]                       0x08000798   Section        0  stm32g4xx_hal_dma.o(.text.HAL_DMA_Abort)
    [Anonymous Symbol]                       0x08000808   Section        0  stm32g4xx_hal_dma.o(.text.HAL_DMA_Abort_IT)
    [Anonymous Symbol]                       0x08000888   Section        0  stm32g4xx_hal.o(.text.HAL_Delay)
    [Anonymous Symbol]                       0x080008b0   Section        0  stm32g4xx_hal_gpio.o(.text.HAL_GPIO_Init)
    [Anonymous Symbol]                       0x08000a4c   Section        0  stm32g4xx_hal_gpio.o(.text.HAL_GPIO_ReadPin)
    [Anonymous Symbol]                       0x08000a58   Section        0  stm32g4xx_hal_gpio.o(.text.HAL_GPIO_WritePin)
    [Anonymous Symbol]                       0x08000a64   Section        0  stm32g4xx_hal.o(.text.HAL_GetTick)
    [Anonymous Symbol]                       0x08000a70   Section        0  stm32g4xx_hal.o(.text.HAL_IncTick)
    [Anonymous Symbol]                       0x08000a8c   Section        0  stm32g4xx_hal.o(.text.HAL_Init)
    [Anonymous Symbol]                       0x08000aac   Section        0  stm32g4xx_hal.o(.text.HAL_InitTick)
    [Anonymous Symbol]                       0x08000b00   Section        0  stm32g4xx_hal_msp.o(.text.HAL_MspInit)
    [Anonymous Symbol]                       0x08000b34   Section        0  stm32g4xx_hal_cortex.o(.text.HAL_NVIC_EnableIRQ)
    [Anonymous Symbol]                       0x08000b58   Section        0  stm32g4xx_hal_cortex.o(.text.HAL_NVIC_SetPriority)
    [Anonymous Symbol]                       0x08000bb0   Section        0  stm32g4xx_hal_cortex.o(.text.HAL_NVIC_SetPriorityGrouping)
    [Anonymous Symbol]                       0x08000bd0   Section        0  stm32g4xx_hal_pwr_ex.o(.text.HAL_PWREx_ControlVoltageScaling)
    [Anonymous Symbol]                       0x08000cf4   Section        0  stm32g4xx_hal_pwr_ex.o(.text.HAL_PWREx_DisableUCPDDeadBattery)
    [Anonymous Symbol]                       0x08000d08   Section        0  stm32g4xx_hal_rcc_ex.o(.text.HAL_RCCEx_PeriphCLKConfig)
    [Anonymous Symbol]                       0x08000f6c   Section        0  stm32g4xx_hal_rcc.o(.text.HAL_RCC_ClockConfig)
    [Anonymous Symbol]                       0x08001270   Section        0  stm32g4xx_hal_rcc.o(.text.HAL_RCC_GetPCLK1Freq)
    [Anonymous Symbol]                       0x0800129c   Section        0  stm32g4xx_hal_rcc.o(.text.HAL_RCC_GetPCLK2Freq)
    [Anonymous Symbol]                       0x080012c8   Section        0  stm32g4xx_hal_rcc.o(.text.HAL_RCC_GetSysClockFreq)
    [Anonymous Symbol]                       0x0800134c   Section        0  stm32g4xx_hal_rcc.o(.text.HAL_RCC_OscConfig)
    [Anonymous Symbol]                       0x080017e4   Section        0  stm32g4xx_hal_cortex.o(.text.HAL_SYSTICK_CLKSourceConfig)
    [Anonymous Symbol]                       0x080017fc   Section        0  stm32g4xx_hal_cortex.o(.text.HAL_SYSTICK_Config)
    [Anonymous Symbol]                       0x08001828   Section        0  stm32g4xx_hal_tim_ex.o(.text.HAL_TIMEx_Break2Callback)
    [Anonymous Symbol]                       0x0800182c   Section        0  stm32g4xx_hal_tim_ex.o(.text.HAL_TIMEx_BreakCallback)
    [Anonymous Symbol]                       0x08001830   Section        0  stm32g4xx_hal_tim_ex.o(.text.HAL_TIMEx_CommutCallback)
    [Anonymous Symbol]                       0x08001834   Section        0  stm32g4xx_hal_tim_ex.o(.text.HAL_TIMEx_DirectionChangeCallback)
    [Anonymous Symbol]                       0x08001838   Section        0  stm32g4xx_hal_tim_ex.o(.text.HAL_TIMEx_EncoderIndexCallback)
    [Anonymous Symbol]                       0x0800183c   Section        0  stm32g4xx_hal_tim_ex.o(.text.HAL_TIMEx_IndexErrorCallback)
    [Anonymous Symbol]                       0x08001840   Section        0  stm32g4xx_hal_tim_ex.o(.text.HAL_TIMEx_MasterConfigSynchronization)
    [Anonymous Symbol]                       0x080018e8   Section        0  stm32g4xx_hal_tim_ex.o(.text.HAL_TIMEx_TransitionErrorCallback)
    [Anonymous Symbol]                       0x080018ec   Section        0  stm32g4xx_hal_tim.o(.text.HAL_TIM_Base_Init)
    [Anonymous Symbol]                       0x08001950   Section        0  tim.o(.text.HAL_TIM_Base_MspInit)
    [Anonymous Symbol]                       0x080019c4   Section        0  stm32g4xx_hal_tim.o(.text.HAL_TIM_Base_Start_IT)
    [Anonymous Symbol]                       0x08001a58   Section        0  stm32g4xx_hal_tim.o(.text.HAL_TIM_ConfigClockSource)
    [Anonymous Symbol]                       0x08001c50   Section        0  stm32g4xx_hal_tim.o(.text.HAL_TIM_IC_CaptureCallback)
    [Anonymous Symbol]                       0x08001c54   Section        0  stm32g4xx_hal_tim.o(.text.HAL_TIM_IRQHandler)
    [Anonymous Symbol]                       0x08001e1c   Section        0  stm32g4xx_hal_tim.o(.text.HAL_TIM_OC_ConfigChannel)
    [Anonymous Symbol]                       0x08002150   Section        0  stm32g4xx_hal_tim.o(.text.HAL_TIM_OC_DelayElapsedCallback)
    [Anonymous Symbol]                       0x08002154   Section        0  stm32g4xx_hal_tim.o(.text.HAL_TIM_OC_Init)
    [Anonymous Symbol]                       0x080021b8   Section        0  stm32g4xx_hal_tim.o(.text.HAL_TIM_OC_MspInit)
    [Anonymous Symbol]                       0x080021bc   Section        0  stm32g4xx_hal_tim.o(.text.HAL_TIM_PWM_PulseFinishedCallback)
    [Anonymous Symbol]                       0x080021c0   Section        0  stm32g4xx_hal_tim.o(.text.HAL_TIM_PWM_Start_IT)
    [Anonymous Symbol]                       0x08002358   Section        0  main.o(.text.HAL_TIM_PeriodElapsedCallback)
    [Anonymous Symbol]                       0x08002504   Section        0  stm32g4xx_hal_tim.o(.text.HAL_TIM_TriggerCallback)
    [Anonymous Symbol]                       0x08002508   Section        0  stm32g4xx_hal_uart_ex.o(.text.HAL_UARTEx_DisableFifoMode)
    [Anonymous Symbol]                       0x08002540   Section        0  stm32g4xx_hal_uart.o(.text.HAL_UARTEx_RxEventCallback)
    [Anonymous Symbol]                       0x08002544   Section        0  stm32g4xx_hal_uart_ex.o(.text.HAL_UARTEx_RxFifoFullCallback)
    [Anonymous Symbol]                       0x08002548   Section        0  stm32g4xx_hal_uart_ex.o(.text.HAL_UARTEx_SetRxFifoThreshold)
    [Anonymous Symbol]                       0x080025d8   Section        0  stm32g4xx_hal_uart_ex.o(.text.HAL_UARTEx_SetTxFifoThreshold)
    [Anonymous Symbol]                       0x08002668   Section        0  stm32g4xx_hal_uart_ex.o(.text.HAL_UARTEx_TxFifoEmptyCallback)
    [Anonymous Symbol]                       0x0800266c   Section        0  stm32g4xx_hal_uart_ex.o(.text.HAL_UARTEx_WakeupCallback)
    [Anonymous Symbol]                       0x08002670   Section        0  stm32g4xx_hal_uart.o(.text.HAL_UART_ErrorCallback)
    [Anonymous Symbol]                       0x08002674   Section        0  stm32g4xx_hal_uart.o(.text.HAL_UART_GetState)
    [Anonymous Symbol]                       0x08002680   Section        0  stm32g4xx_hal_uart.o(.text.HAL_UART_IRQHandler)
    [Anonymous Symbol]                       0x08002c9c   Section        0  stm32g4xx_hal_uart.o(.text.HAL_UART_Init)
    [Anonymous Symbol]                       0x08002d00   Section        0  usart.o(.text.HAL_UART_MspInit)
    [Anonymous Symbol]                       0x08002d94   Section        0  stm32g4xx_hal_uart.o(.text.HAL_UART_Receive_IT)
    [Anonymous Symbol]                       0x08002e38   Section        0  main.o(.text.HAL_UART_RxCpltCallback)
    [Anonymous Symbol]                       0x08002eac   Section        0  stm32g4xx_hal_uart.o(.text.HAL_UART_Transmit)
    [Anonymous Symbol]                       0x08002f9c   Section        0  stm32g4xx_hal_uart.o(.text.HAL_UART_TxCpltCallback)
    [Anonymous Symbol]                       0x08002fa0   Section        0  stm32g4xx_it.o(.text.HardFault_Handler)
    [Anonymous Symbol]                       0x08002fa4   Section        0  lcd.o(.text.LCD_Clear)
    [Anonymous Symbol]                       0x08003160   Section        0  lcd.o(.text.LCD_DisplayStringLine)
    [Anonymous Symbol]                       0x080031ac   Section        0  lcd.o(.text.LCD_DrawChar)
    [Anonymous Symbol]                       0x08003318   Section        0  lcd.o(.text.LCD_Init)
    [Anonymous Symbol]                       0x08003548   Section        0  lcd.o(.text.LCD_SetBackColor)
    [Anonymous Symbol]                       0x08003560   Section        0  lcd.o(.text.LCD_SetCursor)
    [Anonymous Symbol]                       0x0800363c   Section        0  lcd.o(.text.LCD_SetTextColor)
    [Anonymous Symbol]                       0x08003654   Section        0  gpio.o(.text.MX_GPIO_Init)
    [Anonymous Symbol]                       0x080036c8   Section        0  tim.o(.text.MX_TIM2_Init)
    [Anonymous Symbol]                       0x080037c4   Section        0  tim.o(.text.MX_TIM6_Init)
    [Anonymous Symbol]                       0x08003818   Section        0  usart.o(.text.MX_USART1_UART_Init)
    [Anonymous Symbol]                       0x080038a4   Section        0  stm32g4xx_it.o(.text.MemManage_Handler)
    [Anonymous Symbol]                       0x080038a8   Section        0  stm32g4xx_it.o(.text.NMI_Handler)
    [Anonymous Symbol]                       0x080038ac   Section        0  stm32g4xx_it.o(.text.PendSV_Handler)
    [Anonymous Symbol]                       0x080038b0   Section        0  lcd.o(.text.REG_8230_Init)
    [Anonymous Symbol]                       0x080044bc   Section        0  lcd.o(.text.REG_932X_Init)
    [Anonymous Symbol]                       0x08005c0c   Section        0  stm32g4xx_it.o(.text.SVC_Handler)
    [Anonymous Symbol]                       0x08005c10   Section        0  stm32g4xx_it.o(.text.SysTick_Handler)
    [Anonymous Symbol]                       0x08005c14   Section        0  system_stm32g4xx.o(.text.SystemInit)
    [Anonymous Symbol]                       0x08005c28   Section        0  stm32g4xx_it.o(.text.TIM2_IRQHandler)
    [Anonymous Symbol]                       0x08005c34   Section        0  stm32g4xx_it.o(.text.TIM6_DAC_IRQHandler)
    [Anonymous Symbol]                       0x08005c40   Section        0  stm32g4xx_hal_tim.o(.text.TIM_Base_SetConfig)
    [Anonymous Symbol]                       0x08005d54   Section        0  stm32g4xx_hal_uart.o(.text.UART_AdvFeatureConfig)
    [Anonymous Symbol]                       0x08005e38   Section        0  stm32g4xx_hal_uart.o(.text.UART_CheckIdleState)
    UART_DMAAbortOnError                     0x08005fa1   Thumb Code    16  stm32g4xx_hal_uart.o(.text.UART_DMAAbortOnError)
    [Anonymous Symbol]                       0x08005fa0   Section        0  stm32g4xx_hal_uart.o(.text.UART_DMAAbortOnError)
    UART_RxISR_16BIT                         0x08005fb1   Thumb Code   424  stm32g4xx_hal_uart.o(.text.UART_RxISR_16BIT)
    [Anonymous Symbol]                       0x08005fb0   Section        0  stm32g4xx_hal_uart.o(.text.UART_RxISR_16BIT)
    UART_RxISR_16BIT_FIFOEN                  0x08006159   Thumb Code   786  stm32g4xx_hal_uart.o(.text.UART_RxISR_16BIT_FIFOEN)
    [Anonymous Symbol]                       0x08006158   Section        0  stm32g4xx_hal_uart.o(.text.UART_RxISR_16BIT_FIFOEN)
    UART_RxISR_8BIT                          0x0800646d   Thumb Code   428  stm32g4xx_hal_uart.o(.text.UART_RxISR_8BIT)
    [Anonymous Symbol]                       0x0800646c   Section        0  stm32g4xx_hal_uart.o(.text.UART_RxISR_8BIT)
    UART_RxISR_8BIT_FIFOEN                   0x08006619   Thumb Code   790  stm32g4xx_hal_uart.o(.text.UART_RxISR_8BIT_FIFOEN)
    [Anonymous Symbol]                       0x08006618   Section        0  stm32g4xx_hal_uart.o(.text.UART_RxISR_8BIT_FIFOEN)
    [Anonymous Symbol]                       0x08006930   Section        0  stm32g4xx_hal_uart.o(.text.UART_SetConfig)
    [Anonymous Symbol]                       0x08006bb4   Section        0  stm32g4xx_hal_uart.o(.text.UART_Start_Receive_IT)
    [Anonymous Symbol]                       0x08006e14   Section        0  stm32g4xx_hal_uart.o(.text.UART_WaitOnFlagUntilTimeout)
    [Anonymous Symbol]                       0x08007100   Section        0  stm32g4xx_it.o(.text.USART1_IRQHandler)
    [Anonymous Symbol]                       0x08007158   Section        0  stm32g4xx_it.o(.text.UsageFault_Handler)
    [Anonymous Symbol]                       0x0800715c   Section        0  usart.o(.text._sys_exit)
    [Anonymous Symbol]                       0x08007160   Section        0  delay.o(.text.delay_init)
    [Anonymous Symbol]                       0x08007178   Section        0  usart.o(.text.fputc)
    [Anonymous Symbol]                       0x08007198   Section        0  led.o(.text.led_OFF)
    [Anonymous Symbol]                       0x08007240   Section        0  led.o(.text.led_ON)
    [Anonymous Symbol]                       0x080072ec   Section        0  led.o(.text.led_Toggle)
    [Anonymous Symbol]                       0x08007308   Section        0  led.o(.text.led_init)
    [Anonymous Symbol]                       0x080073a0   Section        0  main.o(.text.main)
    $v0                                      0x080076cc   Number         0  fpinit.o(x$fpl$fpinit)
    x$fpl$fpinit                             0x080076cc   Section       26  fpinit.o(x$fpl$fpinit)
    .Lswitch.table.HAL_TIM_IC_Start_IT       0x080088e8   Data          16  stm32g4xx_hal_tim.o(.rodata.cst16)
    .Lswitch.table.HAL_TIM_IC_Stop_IT        0x080088f8   Data          16  stm32g4xx_hal_tim.o(.rodata.cst16)
    .Lswitch.table.UART_SetConfig.4          0x08008908   Data          16  stm32g4xx_hal_uart.o(.rodata.cst16)
    UARTEx_SetNbDataToProcess.numerator      0x08008918   Data           8  stm32g4xx_hal_uart_ex.o(.rodata.cst8)
    [Anonymous Symbol]                       0x08008918   Section        0  stm32g4xx_hal_uart_ex.o(.rodata.cst8)
    UARTEx_SetNbDataToProcess.denominator    0x08008920   Data           8  stm32g4xx_hal_uart_ex.o(.rodata.cst8)
    BackColor                                0x20000000   Data           2  lcd.o(.data.BackColor)
    [Anonymous Symbol]                       0x20000000   Section        0  lcd.o(.data.BackColor)
    .bss                                     0x20000020   Section       96  libspace.o(.bss)
    TextColor                                0x20000080   Data           2  lcd.o(.bss.TextColor)
    [Anonymous Symbol]                       0x20000080   Section        0  lcd.o(.bss.TextColor)
    fac_us                                   0x200001b0   Data           4  delay.o(.bss.fac_us)
    [Anonymous Symbol]                       0x200001b0   Section        0  delay.o(.bss.fac_us)
    Heap_Mem                                 0x20000348   Data         512  startup_stm32g431xx.o(HEAP)
    HEAP                                     0x20000348   Section      512  startup_stm32g431xx.o(HEAP)
    Stack_Mem                                0x20000548   Data        1024  startup_stm32g431xx.o(STACK)
    STACK                                    0x20000548   Section     1024  startup_stm32g431xx.o(STACK)
    __initial_sp                             0x20000948   Data           0  startup_stm32g431xx.o(STACK)

    Global Symbols

    Symbol Name                              Value     Ov Type        Size  Object(Section)

    BuildAttributes$$THM_ISAv4$E$P$D$K$B$S$7EM$VFPi3$EXTD16$VFPS$VFMA$PE$A:L22UL41UL21$X:L11$S22US41US21$IEEE1$IW$~IW$USESV6$~STKCKD$USESV7$~SHL$OTIME$ROPI$EBA8$UX$STANDARDLIB$REQ8$PRES8$EABIv2 0x00000000   Number         0  anon$$obj.o ABSOLUTE
    __ARM_exceptions_init                     - Undefined Weak Reference
    __alloca_initialize                       - Undefined Weak Reference
    __arm_preinit_                            - Undefined Weak Reference
    __arm_relocate_pie_                       - Undefined Weak Reference
    __cpp_initialize__aeabi_                  - Undefined Weak Reference
    __cxa_finalize                            - Undefined Weak Reference
    __rt_locale                               - Undefined Weak Reference
    __sigvec_lookup                           - Undefined Weak Reference
    _atexit_init                              - Undefined Weak Reference
    _call_atexit_fns                          - Undefined Weak Reference
    _clock_init                               - Undefined Weak Reference
    _fp_trap_init                             - Undefined Weak Reference
    _fp_trap_shutdown                         - Undefined Weak Reference
    _get_lc_collate                           - Undefined Weak Reference
    _get_lc_ctype                             - Undefined Weak Reference
    _get_lc_monetary                          - Undefined Weak Reference
    _get_lc_numeric                           - Undefined Weak Reference
    _get_lc_time                              - Undefined Weak Reference
    _getenv_init                              - Undefined Weak Reference
    _handle_redirection                       - Undefined Weak Reference
    _init_alloc                               - Undefined Weak Reference
    _init_user_alloc                          - Undefined Weak Reference
    _initio                                   - Undefined Weak Reference
    _mutex_acquire                            - Undefined Weak Reference
    _mutex_release                            - Undefined Weak Reference
    _printf_mbtowc                            - Undefined Weak Reference
    _printf_post_padding                      - Undefined Weak Reference
    _printf_pre_padding                       - Undefined Weak Reference
    _printf_truncate_signed                   - Undefined Weak Reference
    _printf_truncate_unsigned                 - Undefined Weak Reference
    _rand_init                                - Undefined Weak Reference
    _signal_finish                            - Undefined Weak Reference
    _signal_init                              - Undefined Weak Reference
    _terminate_alloc                          - Undefined Weak Reference
    _terminate_user_alloc                     - Undefined Weak Reference
    _terminateio                              - Undefined Weak Reference
    __Vectors_Size                           0x000001d8   Number         0  startup_stm32g431xx.o ABSOLUTE
    __Vectors                                0x08000000   Data           4  startup_stm32g431xx.o(RESET)
    __Vectors_End                            0x080001d8   Data           0  startup_stm32g431xx.o(RESET)
    __main                                   0x080001d9   Thumb Code     8  __main.o(!!!main)
    __scatterload                            0x080001e1   Thumb Code     0  __scatter.o(!!!scatter)
    __scatterload_rt2                        0x080001e1   Thumb Code    84  __scatter.o(!!!scatter)
    __scatterload_rt2_thumb_only             0x080001e1   Thumb Code     0  __scatter.o(!!!scatter)
    __scatterload_loop                       0x080001eb   Thumb Code     0  __scatter.o(!!!scatter)
    __scatterload_copy                       0x0800023d   Thumb Code    26  __scatter_copy.o(!!handler_copy)
    __scatterload_null                       0x08000259   Thumb Code     2  __scatter.o(!!handler_null)
    __scatterload_zeroinit                   0x0800025d   Thumb Code    28  __scatter_zi.o(!!handler_zi)
    _printf_d                                0x08000279   Thumb Code     0  _printf_d.o(.ARM.Collect$$_printf_percent$$00000009)
    _printf_percent                          0x08000279   Thumb Code     0  _printf_percent.o(.ARM.Collect$$_printf_percent$$00000000)
    _printf_c                                0x0800027f   Thumb Code     0  _printf_c.o(.ARM.Collect$$_printf_percent$$00000013)
    _printf_percent_end                      0x08000285   Thumb Code     0  _printf_percent_end.o(.ARM.Collect$$_printf_percent$$00000017)
    __rt_lib_init                            0x08000289   Thumb Code     0  libinit.o(.ARM.Collect$$libinit$$00000000)
    __rt_lib_init_fp_1                       0x0800028b   Thumb Code     0  libinit2.o(.ARM.Collect$$libinit$$00000001)
    __rt_lib_init_alloca_1                   0x0800028f   Thumb Code     0  libinit2.o(.ARM.Collect$$libinit$$00000030)
    __rt_lib_init_argv_1                     0x0800028f   Thumb Code     0  libinit2.o(.ARM.Collect$$libinit$$0000002E)
    __rt_lib_init_atexit_1                   0x0800028f   Thumb Code     0  libinit2.o(.ARM.Collect$$libinit$$0000001D)
    __rt_lib_init_clock_1                    0x0800028f   Thumb Code     0  libinit2.o(.ARM.Collect$$libinit$$00000023)
    __rt_lib_init_cpp_1                      0x0800028f   Thumb Code     0  libinit2.o(.ARM.Collect$$libinit$$00000034)
    __rt_lib_init_exceptions_1               0x0800028f   Thumb Code     0  libinit2.o(.ARM.Collect$$libinit$$00000032)
    __rt_lib_init_fp_trap_1                  0x0800028f   Thumb Code     0  libinit2.o(.ARM.Collect$$libinit$$00000021)
    __rt_lib_init_getenv_1                   0x0800028f   Thumb Code     0  libinit2.o(.ARM.Collect$$libinit$$00000025)
    __rt_lib_init_heap_1                     0x0800028f   Thumb Code     0  libinit2.o(.ARM.Collect$$libinit$$0000000C)
    __rt_lib_init_lc_collate_1               0x0800028f   Thumb Code     0  libinit2.o(.ARM.Collect$$libinit$$00000013)
    __rt_lib_init_lc_ctype_1                 0x0800028f   Thumb Code     0  libinit2.o(.ARM.Collect$$libinit$$00000015)
    __rt_lib_init_lc_monetary_1              0x0800028f   Thumb Code     0  libinit2.o(.ARM.Collect$$libinit$$00000017)
    __rt_lib_init_lc_numeric_1               0x0800028f   Thumb Code     0  libinit2.o(.ARM.Collect$$libinit$$00000019)
    __rt_lib_init_lc_time_1                  0x0800028f   Thumb Code     0  libinit2.o(.ARM.Collect$$libinit$$0000001B)
    __rt_lib_init_preinit_1                  0x0800028f   Thumb Code     0  libinit2.o(.ARM.Collect$$libinit$$00000006)
    __rt_lib_init_rand_1                     0x0800028f   Thumb Code     0  libinit2.o(.ARM.Collect$$libinit$$00000010)
    __rt_lib_init_relocate_pie_1             0x0800028f   Thumb Code     0  libinit2.o(.ARM.Collect$$libinit$$00000004)
    __rt_lib_init_return                     0x0800028f   Thumb Code     0  libinit2.o(.ARM.Collect$$libinit$$00000035)
    __rt_lib_init_signal_1                   0x0800028f   Thumb Code     0  libinit2.o(.ARM.Collect$$libinit$$0000001F)
    __rt_lib_init_stdio_1                    0x0800028f   Thumb Code     0  libinit2.o(.ARM.Collect$$libinit$$00000027)
    __rt_lib_init_user_alloc_1               0x0800028f   Thumb Code     0  libinit2.o(.ARM.Collect$$libinit$$0000000E)
    __rt_lib_shutdown                        0x08000291   Thumb Code     0  libshutdown.o(.ARM.Collect$$libshutdown$$00000000)
    __rt_lib_shutdown_cpp_1                  0x08000293   Thumb Code     0  libshutdown2.o(.ARM.Collect$$libshutdown$$00000002)
    __rt_lib_shutdown_fp_trap_1              0x08000293   Thumb Code     0  libshutdown2.o(.ARM.Collect$$libshutdown$$00000007)
    __rt_lib_shutdown_heap_1                 0x08000293   Thumb Code     0  libshutdown2.o(.ARM.Collect$$libshutdown$$0000000F)
    __rt_lib_shutdown_return                 0x08000293   Thumb Code     0  libshutdown2.o(.ARM.Collect$$libshutdown$$00000010)
    __rt_lib_shutdown_signal_1               0x08000293   Thumb Code     0  libshutdown2.o(.ARM.Collect$$libshutdown$$0000000A)
    __rt_lib_shutdown_stdio_1                0x08000293   Thumb Code     0  libshutdown2.o(.ARM.Collect$$libshutdown$$00000004)
    __rt_lib_shutdown_user_alloc_1           0x08000293   Thumb Code     0  libshutdown2.o(.ARM.Collect$$libshutdown$$0000000C)
    __rt_entry                               0x08000295   Thumb Code     0  __rtentry.o(.ARM.Collect$$rtentry$$00000000)
    __rt_entry_presh_1                       0x08000295   Thumb Code     0  __rtentry2.o(.ARM.Collect$$rtentry$$00000002)
    __rt_entry_sh                            0x08000295   Thumb Code     0  __rtentry4.o(.ARM.Collect$$rtentry$$00000004)
    __rt_entry_li                            0x0800029b   Thumb Code     0  __rtentry2.o(.ARM.Collect$$rtentry$$0000000A)
    __rt_entry_postsh_1                      0x0800029b   Thumb Code     0  __rtentry2.o(.ARM.Collect$$rtentry$$00000009)
    __rt_entry_main                          0x0800029f   Thumb Code     0  __rtentry2.o(.ARM.Collect$$rtentry$$0000000D)
    __rt_entry_postli_1                      0x0800029f   Thumb Code     0  __rtentry2.o(.ARM.Collect$$rtentry$$0000000C)
    __rt_exit                                0x080002a7   Thumb Code     0  rtexit.o(.ARM.Collect$$rtexit$$00000000)
    __rt_exit_ls                             0x080002a9   Thumb Code     0  rtexit2.o(.ARM.Collect$$rtexit$$00000003)
    __rt_exit_prels_1                        0x080002a9   Thumb Code     0  rtexit2.o(.ARM.Collect$$rtexit$$00000002)
    __rt_exit_exit                           0x080002ad   Thumb Code     0  rtexit2.o(.ARM.Collect$$rtexit$$00000004)
    Reset_Handler                            0x080002b5   Thumb Code     8  startup_stm32g431xx.o(.text)
    ADC1_2_IRQHandler                        0x080002cf   Thumb Code     0  startup_stm32g431xx.o(.text)
    COMP1_2_3_IRQHandler                     0x080002cf   Thumb Code     0  startup_stm32g431xx.o(.text)
    COMP4_IRQHandler                         0x080002cf   Thumb Code     0  startup_stm32g431xx.o(.text)
    CORDIC_IRQHandler                        0x080002cf   Thumb Code     0  startup_stm32g431xx.o(.text)
    CRS_IRQHandler                           0x080002cf   Thumb Code     0  startup_stm32g431xx.o(.text)
    DMA1_Channel1_IRQHandler                 0x080002cf   Thumb Code     0  startup_stm32g431xx.o(.text)
    DMA1_Channel2_IRQHandler                 0x080002cf   Thumb Code     0  startup_stm32g431xx.o(.text)
    DMA1_Channel3_IRQHandler                 0x080002cf   Thumb Code     0  startup_stm32g431xx.o(.text)
    DMA1_Channel4_IRQHandler                 0x080002cf   Thumb Code     0  startup_stm32g431xx.o(.text)
    DMA1_Channel5_IRQHandler                 0x080002cf   Thumb Code     0  startup_stm32g431xx.o(.text)
    DMA1_Channel6_IRQHandler                 0x080002cf   Thumb Code     0  startup_stm32g431xx.o(.text)
    DMA2_Channel1_IRQHandler                 0x080002cf   Thumb Code     0  startup_stm32g431xx.o(.text)
    DMA2_Channel2_IRQHandler                 0x080002cf   Thumb Code     0  startup_stm32g431xx.o(.text)
    DMA2_Channel3_IRQHandler                 0x080002cf   Thumb Code     0  startup_stm32g431xx.o(.text)
    DMA2_Channel4_IRQHandler                 0x080002cf   Thumb Code     0  startup_stm32g431xx.o(.text)
    DMA2_Channel5_IRQHandler                 0x080002cf   Thumb Code     0  startup_stm32g431xx.o(.text)
    DMA2_Channel6_IRQHandler                 0x080002cf   Thumb Code     0  startup_stm32g431xx.o(.text)
    DMAMUX_OVR_IRQHandler                    0x080002cf   Thumb Code     0  startup_stm32g431xx.o(.text)
    EXTI0_IRQHandler                         0x080002cf   Thumb Code     0  startup_stm32g431xx.o(.text)
    EXTI15_10_IRQHandler                     0x080002cf   Thumb Code     0  startup_stm32g431xx.o(.text)
    EXTI1_IRQHandler                         0x080002cf   Thumb Code     0  startup_stm32g431xx.o(.text)
    EXTI2_IRQHandler                         0x080002cf   Thumb Code     0  startup_stm32g431xx.o(.text)
    EXTI3_IRQHandler                         0x080002cf   Thumb Code     0  startup_stm32g431xx.o(.text)
    EXTI4_IRQHandler                         0x080002cf   Thumb Code     0  startup_stm32g431xx.o(.text)
    EXTI9_5_IRQHandler                       0x080002cf   Thumb Code     0  startup_stm32g431xx.o(.text)
    FDCAN1_IT0_IRQHandler                    0x080002cf   Thumb Code     0  startup_stm32g431xx.o(.text)
    FDCAN1_IT1_IRQHandler                    0x080002cf   Thumb Code     0  startup_stm32g431xx.o(.text)
    FLASH_IRQHandler                         0x080002cf   Thumb Code     0  startup_stm32g431xx.o(.text)
    FMAC_IRQHandler                          0x080002cf   Thumb Code     0  startup_stm32g431xx.o(.text)
    FPU_IRQHandler                           0x080002cf   Thumb Code     0  startup_stm32g431xx.o(.text)
    I2C1_ER_IRQHandler                       0x080002cf   Thumb Code     0  startup_stm32g431xx.o(.text)
    I2C1_EV_IRQHandler                       0x080002cf   Thumb Code     0  startup_stm32g431xx.o(.text)
    I2C2_ER_IRQHandler                       0x080002cf   Thumb Code     0  startup_stm32g431xx.o(.text)
    I2C2_EV_IRQHandler                       0x080002cf   Thumb Code     0  startup_stm32g431xx.o(.text)
    I2C3_ER_IRQHandler                       0x080002cf   Thumb Code     0  startup_stm32g431xx.o(.text)
    I2C3_EV_IRQHandler                       0x080002cf   Thumb Code     0  startup_stm32g431xx.o(.text)
    LPTIM1_IRQHandler                        0x080002cf   Thumb Code     0  startup_stm32g431xx.o(.text)
    LPUART1_IRQHandler                       0x080002cf   Thumb Code     0  startup_stm32g431xx.o(.text)
    PVD_PVM_IRQHandler                       0x080002cf   Thumb Code     0  startup_stm32g431xx.o(.text)
    RCC_IRQHandler                           0x080002cf   Thumb Code     0  startup_stm32g431xx.o(.text)
    RNG_IRQHandler                           0x080002cf   Thumb Code     0  startup_stm32g431xx.o(.text)
    RTC_Alarm_IRQHandler                     0x080002cf   Thumb Code     0  startup_stm32g431xx.o(.text)
    RTC_TAMP_LSECSS_IRQHandler               0x080002cf   Thumb Code     0  startup_stm32g431xx.o(.text)
    RTC_WKUP_IRQHandler                      0x080002cf   Thumb Code     0  startup_stm32g431xx.o(.text)
    SAI1_IRQHandler                          0x080002cf   Thumb Code     0  startup_stm32g431xx.o(.text)
    SPI1_IRQHandler                          0x080002cf   Thumb Code     0  startup_stm32g431xx.o(.text)
    SPI2_IRQHandler                          0x080002cf   Thumb Code     0  startup_stm32g431xx.o(.text)
    SPI3_IRQHandler                          0x080002cf   Thumb Code     0  startup_stm32g431xx.o(.text)
    TIM1_BRK_TIM15_IRQHandler                0x080002cf   Thumb Code     0  startup_stm32g431xx.o(.text)
    TIM1_CC_IRQHandler                       0x080002cf   Thumb Code     0  startup_stm32g431xx.o(.text)
    TIM1_TRG_COM_TIM17_IRQHandler            0x080002cf   Thumb Code     0  startup_stm32g431xx.o(.text)
    TIM1_UP_TIM16_IRQHandler                 0x080002cf   Thumb Code     0  startup_stm32g431xx.o(.text)
    TIM3_IRQHandler                          0x080002cf   Thumb Code     0  startup_stm32g431xx.o(.text)
    TIM4_IRQHandler                          0x080002cf   Thumb Code     0  startup_stm32g431xx.o(.text)
    TIM7_IRQHandler                          0x080002cf   Thumb Code     0  startup_stm32g431xx.o(.text)
    TIM8_BRK_IRQHandler                      0x080002cf   Thumb Code     0  startup_stm32g431xx.o(.text)
    TIM8_CC_IRQHandler                       0x080002cf   Thumb Code     0  startup_stm32g431xx.o(.text)
    TIM8_TRG_COM_IRQHandler                  0x080002cf   Thumb Code     0  startup_stm32g431xx.o(.text)
    TIM8_UP_IRQHandler                       0x080002cf   Thumb Code     0  startup_stm32g431xx.o(.text)
    UART4_IRQHandler                         0x080002cf   Thumb Code     0  startup_stm32g431xx.o(.text)
    UCPD1_IRQHandler                         0x080002cf   Thumb Code     0  startup_stm32g431xx.o(.text)
    USART2_IRQHandler                        0x080002cf   Thumb Code     0  startup_stm32g431xx.o(.text)
    USART3_IRQHandler                        0x080002cf   Thumb Code     0  startup_stm32g431xx.o(.text)
    USBWakeUp_IRQHandler                     0x080002cf   Thumb Code     0  startup_stm32g431xx.o(.text)
    USB_HP_IRQHandler                        0x080002cf   Thumb Code     0  startup_stm32g431xx.o(.text)
    USB_LP_IRQHandler                        0x080002cf   Thumb Code     0  startup_stm32g431xx.o(.text)
    WWDG_IRQHandler                          0x080002cf   Thumb Code     0  startup_stm32g431xx.o(.text)
    __user_initial_stackheap                 0x080002d1   Thumb Code     0  startup_stm32g431xx.o(.text)
    __aeabi_uldivmod                         0x080002f5   Thumb Code     0  lludivv7m.o(.text)
    _ll_udiv                                 0x080002f5   Thumb Code   240  lludivv7m.o(.text)
    __2printf                                0x080003e5   Thumb Code    20  noretval__2printf.o(.text)
    __2sprintf                               0x080003fd   Thumb Code    34  noretval__2sprintf.o(.text)
    __printf                                 0x08000425   Thumb Code   104  __printf.o(.text)
    _printf_str                              0x0800048d   Thumb Code    82  _printf_str.o(.text)
    _printf_int_dec                          0x080004e1   Thumb Code   104  _printf_dec.o(.text)
    puts                                     0x08000559   Thumb Code    40  puts.o(.text)
    __aeabi_memclr4                          0x08000585   Thumb Code     0  rt_memclr_w.o(.text)
    __aeabi_memclr8                          0x08000585   Thumb Code     0  rt_memclr_w.o(.text)
    __rt_memclr_w                            0x08000585   Thumb Code     0  rt_memclr_w.o(.text)
    _memset_w                                0x08000589   Thumb Code    74  rt_memclr_w.o(.text)
    __use_two_region_memory                  0x080005d3   Thumb Code     2  heapauxi.o(.text)
    __rt_heap_escrow$2region                 0x080005d5   Thumb Code     2  heapauxi.o(.text)
    __rt_heap_expand$2region                 0x080005d7   Thumb Code     2  heapauxi.o(.text)
    _printf_int_common                       0x080005d9   Thumb Code   178  _printf_intcommon.o(.text)
    _printf_char_common                      0x08000697   Thumb Code    32  _printf_char_common.o(.text)
    _sputc                                   0x080006bd   Thumb Code    10  _sputc.o(.text)
    _printf_cs_common                        0x080006c7   Thumb Code    20  _printf_char.o(.text)
    _printf_char                             0x080006db   Thumb Code    16  _printf_char.o(.text)
    _printf_string                           0x080006eb   Thumb Code     8  _printf_char.o(.text)
    _printf_char_file                        0x080006f5   Thumb Code    32  _printf_char_file.o(.text)
    ferror                                   0x08000719   Thumb Code     8  ferror.o(.text)
    __user_setup_stackheap                   0x08000721   Thumb Code    74  sys_stackheap_outer.o(.text)
    exit                                     0x0800076b   Thumb Code    18  exit.o(.text)
    __user_libspace                          0x0800077d   Thumb Code     8  libspace.o(.text)
    __user_perproc_libspace                  0x0800077d   Thumb Code     0  libspace.o(.text)
    __user_perthread_libspace                0x0800077d   Thumb Code     0  libspace.o(.text)
    BusFault_Handler                         0x08000785   Thumb Code     2  stm32g4xx_it.o(.text.BusFault_Handler)
    DebugMon_Handler                         0x08000789   Thumb Code     2  stm32g4xx_it.o(.text.DebugMon_Handler)
    Error_Handler                            0x0800078d   Thumb Code    10  main.o(.text.Error_Handler)
    HAL_DMA_Abort                            0x08000799   Thumb Code   110  stm32g4xx_hal_dma.o(.text.HAL_DMA_Abort)
    HAL_DMA_Abort_IT                         0x08000809   Thumb Code   126  stm32g4xx_hal_dma.o(.text.HAL_DMA_Abort_IT)
    HAL_Delay                                0x08000889   Thumb Code    40  stm32g4xx_hal.o(.text.HAL_Delay)
    HAL_GPIO_Init                            0x080008b1   Thumb Code   412  stm32g4xx_hal_gpio.o(.text.HAL_GPIO_Init)
    HAL_GPIO_ReadPin                         0x08000a4d   Thumb Code    10  stm32g4xx_hal_gpio.o(.text.HAL_GPIO_ReadPin)
    HAL_GPIO_WritePin                        0x08000a59   Thumb Code    12  stm32g4xx_hal_gpio.o(.text.HAL_GPIO_WritePin)
    HAL_GetTick                              0x08000a65   Thumb Code    12  stm32g4xx_hal.o(.text.HAL_GetTick)
    HAL_IncTick                              0x08000a71   Thumb Code    26  stm32g4xx_hal.o(.text.HAL_IncTick)
    HAL_Init                                 0x08000a8d   Thumb Code    30  stm32g4xx_hal.o(.text.HAL_Init)
    HAL_InitTick                             0x08000aad   Thumb Code    84  stm32g4xx_hal.o(.text.HAL_InitTick)
    HAL_MspInit                              0x08000b01   Thumb Code    52  stm32g4xx_hal_msp.o(.text.HAL_MspInit)
    HAL_NVIC_EnableIRQ                       0x08000b35   Thumb Code    34  stm32g4xx_hal_cortex.o(.text.HAL_NVIC_EnableIRQ)
    HAL_NVIC_SetPriority                     0x08000b59   Thumb Code    86  stm32g4xx_hal_cortex.o(.text.HAL_NVIC_SetPriority)
    HAL_NVIC_SetPriorityGrouping             0x08000bb1   Thumb Code    32  stm32g4xx_hal_cortex.o(.text.HAL_NVIC_SetPriorityGrouping)
    HAL_PWREx_ControlVoltageScaling          0x08000bd1   Thumb Code   292  stm32g4xx_hal_pwr_ex.o(.text.HAL_PWREx_ControlVoltageScaling)
    HAL_PWREx_DisableUCPDDeadBattery         0x08000cf5   Thumb Code    18  stm32g4xx_hal_pwr_ex.o(.text.HAL_PWREx_DisableUCPDDeadBattery)
    HAL_RCCEx_PeriphCLKConfig                0x08000d09   Thumb Code   610  stm32g4xx_hal_rcc_ex.o(.text.HAL_RCCEx_PeriphCLKConfig)
    HAL_RCC_ClockConfig                      0x08000f6d   Thumb Code   772  stm32g4xx_hal_rcc.o(.text.HAL_RCC_ClockConfig)
    HAL_RCC_GetPCLK1Freq                     0x08001271   Thumb Code    42  stm32g4xx_hal_rcc.o(.text.HAL_RCC_GetPCLK1Freq)
    HAL_RCC_GetPCLK2Freq                     0x0800129d   Thumb Code    42  stm32g4xx_hal_rcc.o(.text.HAL_RCC_GetPCLK2Freq)
    HAL_RCC_GetSysClockFreq                  0x080012c9   Thumb Code   130  stm32g4xx_hal_rcc.o(.text.HAL_RCC_GetSysClockFreq)
    HAL_RCC_OscConfig                        0x0800134d   Thumb Code  1176  stm32g4xx_hal_rcc.o(.text.HAL_RCC_OscConfig)
    HAL_SYSTICK_CLKSourceConfig              0x080017e5   Thumb Code    24  stm32g4xx_hal_cortex.o(.text.HAL_SYSTICK_CLKSourceConfig)
    HAL_SYSTICK_Config                       0x080017fd   Thumb Code    44  stm32g4xx_hal_cortex.o(.text.HAL_SYSTICK_Config)
    HAL_TIMEx_Break2Callback                 0x08001829   Thumb Code     2  stm32g4xx_hal_tim_ex.o(.text.HAL_TIMEx_Break2Callback)
    HAL_TIMEx_BreakCallback                  0x0800182d   Thumb Code     2  stm32g4xx_hal_tim_ex.o(.text.HAL_TIMEx_BreakCallback)
    HAL_TIMEx_CommutCallback                 0x08001831   Thumb Code     2  stm32g4xx_hal_tim_ex.o(.text.HAL_TIMEx_CommutCallback)
    HAL_TIMEx_DirectionChangeCallback        0x08001835   Thumb Code     2  stm32g4xx_hal_tim_ex.o(.text.HAL_TIMEx_DirectionChangeCallback)
    HAL_TIMEx_EncoderIndexCallback           0x08001839   Thumb Code     2  stm32g4xx_hal_tim_ex.o(.text.HAL_TIMEx_EncoderIndexCallback)
    HAL_TIMEx_IndexErrorCallback             0x0800183d   Thumb Code     2  stm32g4xx_hal_tim_ex.o(.text.HAL_TIMEx_IndexErrorCallback)
    HAL_TIMEx_MasterConfigSynchronization    0x08001841   Thumb Code   166  stm32g4xx_hal_tim_ex.o(.text.HAL_TIMEx_MasterConfigSynchronization)
    HAL_TIMEx_TransitionErrorCallback        0x080018e9   Thumb Code     2  stm32g4xx_hal_tim_ex.o(.text.HAL_TIMEx_TransitionErrorCallback)
    HAL_TIM_Base_Init                        0x080018ed   Thumb Code    98  stm32g4xx_hal_tim.o(.text.HAL_TIM_Base_Init)
    HAL_TIM_Base_MspInit                     0x08001951   Thumb Code   114  tim.o(.text.HAL_TIM_Base_MspInit)
    HAL_TIM_Base_Start_IT                    0x080019c5   Thumb Code   146  stm32g4xx_hal_tim.o(.text.HAL_TIM_Base_Start_IT)
    HAL_TIM_ConfigClockSource                0x08001a59   Thumb Code   502  stm32g4xx_hal_tim.o(.text.HAL_TIM_ConfigClockSource)
    HAL_TIM_IC_CaptureCallback               0x08001c51   Thumb Code     2  stm32g4xx_hal_tim.o(.text.HAL_TIM_IC_CaptureCallback)
    HAL_TIM_IRQHandler                       0x08001c55   Thumb Code   454  stm32g4xx_hal_tim.o(.text.HAL_TIM_IRQHandler)
    HAL_TIM_OC_ConfigChannel                 0x08001e1d   Thumb Code   818  stm32g4xx_hal_tim.o(.text.HAL_TIM_OC_ConfigChannel)
    HAL_TIM_OC_DelayElapsedCallback          0x08002151   Thumb Code     2  stm32g4xx_hal_tim.o(.text.HAL_TIM_OC_DelayElapsedCallback)
    HAL_TIM_OC_Init                          0x08002155   Thumb Code    98  stm32g4xx_hal_tim.o(.text.HAL_TIM_OC_Init)
    HAL_TIM_OC_MspInit                       0x080021b9   Thumb Code     2  stm32g4xx_hal_tim.o(.text.HAL_TIM_OC_MspInit)
    HAL_TIM_PWM_PulseFinishedCallback        0x080021bd   Thumb Code     2  stm32g4xx_hal_tim.o(.text.HAL_TIM_PWM_PulseFinishedCallback)
    HAL_TIM_PWM_Start_IT                     0x080021c1   Thumb Code   406  stm32g4xx_hal_tim.o(.text.HAL_TIM_PWM_Start_IT)
    HAL_TIM_PeriodElapsedCallback            0x08002359   Thumb Code   300  main.o(.text.HAL_TIM_PeriodElapsedCallback)
    HAL_TIM_TriggerCallback                  0x08002505   Thumb Code     2  stm32g4xx_hal_tim.o(.text.HAL_TIM_TriggerCallback)
    HAL_UARTEx_DisableFifoMode               0x08002509   Thumb Code    54  stm32g4xx_hal_uart_ex.o(.text.HAL_UARTEx_DisableFifoMode)
    HAL_UARTEx_RxEventCallback               0x08002541   Thumb Code     2  stm32g4xx_hal_uart.o(.text.HAL_UARTEx_RxEventCallback)
    HAL_UARTEx_RxFifoFullCallback            0x08002545   Thumb Code     2  stm32g4xx_hal_uart_ex.o(.text.HAL_UARTEx_RxFifoFullCallback)
    HAL_UARTEx_SetRxFifoThreshold            0x08002549   Thumb Code   144  stm32g4xx_hal_uart_ex.o(.text.HAL_UARTEx_SetRxFifoThreshold)
    HAL_UARTEx_SetTxFifoThreshold            0x080025d9   Thumb Code   144  stm32g4xx_hal_uart_ex.o(.text.HAL_UARTEx_SetTxFifoThreshold)
    HAL_UARTEx_TxFifoEmptyCallback           0x08002669   Thumb Code     2  stm32g4xx_hal_uart_ex.o(.text.HAL_UARTEx_TxFifoEmptyCallback)
    HAL_UARTEx_WakeupCallback                0x0800266d   Thumb Code     2  stm32g4xx_hal_uart_ex.o(.text.HAL_UARTEx_WakeupCallback)
    HAL_UART_ErrorCallback                   0x08002671   Thumb Code     2  stm32g4xx_hal_uart.o(.text.HAL_UART_ErrorCallback)
    HAL_UART_GetState                        0x08002675   Thumb Code    12  stm32g4xx_hal_uart.o(.text.HAL_UART_GetState)
    HAL_UART_IRQHandler                      0x08002681   Thumb Code  1562  stm32g4xx_hal_uart.o(.text.HAL_UART_IRQHandler)
    HAL_UART_Init                            0x08002c9d   Thumb Code    98  stm32g4xx_hal_uart.o(.text.HAL_UART_Init)
    HAL_UART_MspInit                         0x08002d01   Thumb Code   148  usart.o(.text.HAL_UART_MspInit)
    HAL_UART_Receive_IT                      0x08002d95   Thumb Code   164  stm32g4xx_hal_uart.o(.text.HAL_UART_Receive_IT)
    HAL_UART_RxCpltCallback                  0x08002e39   Thumb Code   114  main.o(.text.HAL_UART_RxCpltCallback)
    HAL_UART_Transmit                        0x08002ead   Thumb Code   240  stm32g4xx_hal_uart.o(.text.HAL_UART_Transmit)
    HAL_UART_TxCpltCallback                  0x08002f9d   Thumb Code     2  stm32g4xx_hal_uart.o(.text.HAL_UART_TxCpltCallback)
    HardFault_Handler                        0x08002fa1   Thumb Code     2  stm32g4xx_it.o(.text.HardFault_Handler)
    LCD_Clear                                0x08002fa5   Thumb Code   444  lcd.o(.text.LCD_Clear)
    LCD_DisplayStringLine                    0x08003161   Thumb Code    76  lcd.o(.text.LCD_DisplayStringLine)
    LCD_DrawChar                             0x080031ad   Thumb Code   364  lcd.o(.text.LCD_DrawChar)
    LCD_Init                                 0x08003319   Thumb Code   558  lcd.o(.text.LCD_Init)
    LCD_SetBackColor                         0x08003549   Thumb Code    24  lcd.o(.text.LCD_SetBackColor)
    LCD_SetCursor                            0x08003561   Thumb Code   220  lcd.o(.text.LCD_SetCursor)
    LCD_SetTextColor                         0x0800363d   Thumb Code    24  lcd.o(.text.LCD_SetTextColor)
    MX_GPIO_Init                             0x08003655   Thumb Code   116  gpio.o(.text.MX_GPIO_Init)
    MX_TIM2_Init                             0x080036c9   Thumb Code   252  tim.o(.text.MX_TIM2_Init)
    MX_TIM6_Init                             0x080037c5   Thumb Code    82  tim.o(.text.MX_TIM6_Init)
    MX_USART1_UART_Init                      0x08003819   Thumb Code   140  usart.o(.text.MX_USART1_UART_Init)
    MemManage_Handler                        0x080038a5   Thumb Code     2  stm32g4xx_it.o(.text.MemManage_Handler)
    NMI_Handler                              0x080038a9   Thumb Code     2  stm32g4xx_it.o(.text.NMI_Handler)
    PendSV_Handler                           0x080038ad   Thumb Code     2  stm32g4xx_it.o(.text.PendSV_Handler)
    REG_8230_Init                            0x080038b1   Thumb Code  3084  lcd.o(.text.REG_8230_Init)
    REG_932X_Init                            0x080044bd   Thumb Code  5966  lcd.o(.text.REG_932X_Init)
    SVC_Handler                              0x08005c0d   Thumb Code     2  stm32g4xx_it.o(.text.SVC_Handler)
    SysTick_Handler                          0x08005c11   Thumb Code     4  stm32g4xx_it.o(.text.SysTick_Handler)
    SystemInit                               0x08005c15   Thumb Code    18  system_stm32g4xx.o(.text.SystemInit)
    TIM2_IRQHandler                          0x08005c29   Thumb Code    12  stm32g4xx_it.o(.text.TIM2_IRQHandler)
    TIM6_DAC_IRQHandler                      0x08005c35   Thumb Code    12  stm32g4xx_it.o(.text.TIM6_DAC_IRQHandler)
    TIM_Base_SetConfig                       0x08005c41   Thumb Code   276  stm32g4xx_hal_tim.o(.text.TIM_Base_SetConfig)
    UART_AdvFeatureConfig                    0x08005d55   Thumb Code   226  stm32g4xx_hal_uart.o(.text.UART_AdvFeatureConfig)
    UART_CheckIdleState                      0x08005e39   Thumb Code   358  stm32g4xx_hal_uart.o(.text.UART_CheckIdleState)
    UART_SetConfig                           0x08006931   Thumb Code   628  stm32g4xx_hal_uart.o(.text.UART_SetConfig)
    UART_Start_Receive_IT                    0x08006bb5   Thumb Code   606  stm32g4xx_hal_uart.o(.text.UART_Start_Receive_IT)
    UART_WaitOnFlagUntilTimeout              0x08006e15   Thumb Code   746  stm32g4xx_hal_uart.o(.text.UART_WaitOnFlagUntilTimeout)
    USART1_IRQHandler                        0x08007101   Thumb Code    88  stm32g4xx_it.o(.text.USART1_IRQHandler)
    UsageFault_Handler                       0x08007159   Thumb Code     2  stm32g4xx_it.o(.text.UsageFault_Handler)
    _sys_exit                                0x0800715d   Thumb Code     2  usart.o(.text._sys_exit)
    delay_init                               0x08007161   Thumb Code    22  delay.o(.text.delay_init)
    fputc                                    0x08007179   Thumb Code    30  usart.o(.text.fputc)
    led_OFF                                  0x08007199   Thumb Code   168  led.o(.text.led_OFF)
    led_ON                                   0x08007241   Thumb Code   172  led.o(.text.led_ON)
    led_Toggle                               0x080072ed   Thumb Code    28  led.o(.text.led_Toggle)
    led_init                                 0x08007309   Thumb Code   152  led.o(.text.led_init)
    main                                     0x080073a1   Thumb Code   788  main.o(.text.main)
    _fp_init                                 0x080076cd   Thumb Code    26  fpinit.o(x$fpl$fpinit)
    __fplib_config_fpu_vfp                   0x080076e5   Thumb Code     0  fpinit.o(x$fpl$fpinit)
    __fplib_config_pureend_doubles           0x080076e5   Thumb Code     0  fpinit.o(x$fpl$fpinit)
    AHBPrescTable                            0x080076e6   Data          16  system_stm32g4xx.o(.rodata.AHBPrescTable)
    APBPrescTable                            0x080076f6   Data           8  system_stm32g4xx.o(.rodata.APBPrescTable)
    ASCII_Table                              0x080076fe   Data        4560  lcd.o(.rodata.ASCII_Table)
    UARTPrescTable                           0x080088ce   Data          24  stm32g4xx_hal_uart.o(.rodata.UARTPrescTable)
    Region$$Table$$Base                      0x08008928   Number         0  anon$$obj.o(Region$$Table)
    Region$$Table$$Limit                     0x08008948   Number         0  anon$$obj.o(Region$$Table)
    SystemCoreClock                          0x20000004   Data           4  system_stm32g4xx.o(.data.SystemCoreClock)
    secret                                   0x20000008   Data          11  main.o(.data.secret)
    uwTickFreq                               0x20000014   Data           4  stm32g4xx_hal.o(.data.uwTickFreq)
    uwTickPrio                               0x20000018   Data           4  stm32g4xx_hal.o(.data.uwTickPrio)
    __libspace_start                         0x20000020   Data          96  libspace.o(.bss)
    __temporary_stack_top$libspace           0x20000080   Data           0  libspace.o(.bss)
    USART1_RECEIVE_ARRAY                     0x20000084   Data         200  usart.o(.bss.USART1_RECEIVE_ARRAY)
    USART1_RECEIVE_DATA                      0x2000014c   Data           1  usart.o(.bss.USART1_RECEIVE_DATA)
    USART1_RECEIVE_STATE                     0x2000014e   Data           2  usart.o(.bss.USART1_RECEIVE_STATE)
    __stdout                                 0x20000150   Data          84  usart.o(.bss.__stdout)
    ans                                      0x200001a4   Data           3  main.o(.bss.ans)
    counter                                  0x200001a8   Data           4  main.o(.bss.counter)
    dummy                                    0x200001ac   Data           2  lcd.o(.bss.dummy)
    htim2                                    0x200001b4   Data          76  tim.o(.bss.htim2)
    htim6                                    0x20000200   Data          76  tim.o(.bss.htim6)
    huart1                                   0x2000024c   Data         148  usart.o(.bss.huart1)
    i1                                       0x200002e0   Data           4  main.o(.bss.i1)
    i2                                       0x200002e4   Data           4  main.o(.bss.i2)
    i3                                       0x200002e8   Data           4  main.o(.bss.i3)
    led_buff                                 0x200002ec   Data           1  led.o(.bss.led_buff)
    led_state                                0x200002f0   Data          32  led.o(.bss.led_state)
    mode                                     0x20000310   Data           4  main.o(.bss.mode)
    out                                      0x20000314   Data           3  main.o(.bss.out)
    text                                     0x20000317   Data          30  main.o(.bss.text)
    uwTick                                   0x20000338   Data           4  stm32g4xx_hal.o(.bss.uwTick)
    wrong                                    0x2000033c   Data           4  main.o(.bss.wrong)
    wrong_counter                            0x20000340   Data           4  main.o(.bss.wrong_counter)



==============================================================================

Memory Map of the image

  Image Entry point : 0x080001d9

  Load Region LR_IROM1 (Base: 0x08000000, Size: 0x00008968, Max: 0x00020000, ABSOLUTE)

    Execution Region ER_IROM1 (Exec base: 0x08000000, Load base: 0x08000000, Size: 0x00008948, Max: 0x00020000, ABSOLUTE)

    Exec Addr    Load Addr    Size         Type   Attr      Idx    E Section Name        Object

    0x08000000   0x08000000   0x000001d8   Data   RO            3    RESET               startup_stm32g431xx.o
    0x080001d8   0x080001d8   0x00000008   Code   RO         1374  * !!!main             c_w.l(__main.o)
    0x080001e0   0x080001e0   0x0000005c   Code   RO         1562    !!!scatter          c_w.l(__scatter.o)
    0x0800023c   0x0800023c   0x0000001a   Code   RO         1566    !!handler_copy      c_w.l(__scatter_copy.o)
    0x08000256   0x08000256   0x00000002   PAD
    0x08000258   0x08000258   0x00000002   Code   RO         1563    !!handler_null      c_w.l(__scatter.o)
    0x0800025a   0x0800025a   0x00000002   PAD
    0x0800025c   0x0800025c   0x0000001c   Code   RO         1568    !!handler_zi        c_w.l(__scatter_zi.o)
    0x08000278   0x08000278   0x00000000   Code   RO         1367    .ARM.Collect$$_printf_percent$$00000000  c_w.l(_printf_percent.o)
    0x08000278   0x08000278   0x00000006   Code   RO         1366    .ARM.Collect$$_printf_percent$$00000009  c_w.l(_printf_d.o)
    0x0800027e   0x0800027e   0x00000006   Code   RO         1365    .ARM.Collect$$_printf_percent$$00000013  c_w.l(_printf_c.o)
    0x08000284   0x08000284   0x00000004   Code   RO         1391    .ARM.Collect$$_printf_percent$$00000017  c_w.l(_printf_percent_end.o)
    0x08000288   0x08000288   0x00000002   Code   RO         1428    .ARM.Collect$$libinit$$00000000  c_w.l(libinit.o)
    0x0800028a   0x0800028a   0x00000004   Code   RO         1440    .ARM.Collect$$libinit$$00000001  c_w.l(libinit2.o)
    0x0800028e   0x0800028e   0x00000000   Code   RO         1443    .ARM.Collect$$libinit$$00000004  c_w.l(libinit2.o)
    0x0800028e   0x0800028e   0x00000000   Code   RO         1445    .ARM.Collect$$libinit$$00000006  c_w.l(libinit2.o)
    0x0800028e   0x0800028e   0x00000000   Code   RO         1448    .ARM.Collect$$libinit$$0000000C  c_w.l(libinit2.o)
    0x0800028e   0x0800028e   0x00000000   Code   RO         1450    .ARM.Collect$$libinit$$0000000E  c_w.l(libinit2.o)
    0x0800028e   0x0800028e   0x00000000   Code   RO         1452    .ARM.Collect$$libinit$$00000010  c_w.l(libinit2.o)
    0x0800028e   0x0800028e   0x00000000   Code   RO         1455    .ARM.Collect$$libinit$$00000013  c_w.l(libinit2.o)
    0x0800028e   0x0800028e   0x00000000   Code   RO         1457    .ARM.Collect$$libinit$$00000015  c_w.l(libinit2.o)
    0x0800028e   0x0800028e   0x00000000   Code   RO         1459    .ARM.Collect$$libinit$$00000017  c_w.l(libinit2.o)
    0x0800028e   0x0800028e   0x00000000   Code   RO         1461    .ARM.Collect$$libinit$$00000019  c_w.l(libinit2.o)
    0x0800028e   0x0800028e   0x00000000   Code   RO         1463    .ARM.Collect$$libinit$$0000001B  c_w.l(libinit2.o)
    0x0800028e   0x0800028e   0x00000000   Code   RO         1465    .ARM.Collect$$libinit$$0000001D  c_w.l(libinit2.o)
    0x0800028e   0x0800028e   0x00000000   Code   RO         1467    .ARM.Collect$$libinit$$0000001F  c_w.l(libinit2.o)
    0x0800028e   0x0800028e   0x00000000   Code   RO         1469    .ARM.Collect$$libinit$$00000021  c_w.l(libinit2.o)
    0x0800028e   0x0800028e   0x00000000   Code   RO         1471    .ARM.Collect$$libinit$$00000023  c_w.l(libinit2.o)
    0x0800028e   0x0800028e   0x00000000   Code   RO         1473    .ARM.Collect$$libinit$$00000025  c_w.l(libinit2.o)
    0x0800028e   0x0800028e   0x00000000   Code   RO         1475    .ARM.Collect$$libinit$$00000027  c_w.l(libinit2.o)
    0x0800028e   0x0800028e   0x00000000   Code   RO         1479    .ARM.Collect$$libinit$$0000002E  c_w.l(libinit2.o)
    0x0800028e   0x0800028e   0x00000000   Code   RO         1481    .ARM.Collect$$libinit$$00000030  c_w.l(libinit2.o)
    0x0800028e   0x0800028e   0x00000000   Code   RO         1483    .ARM.Collect$$libinit$$00000032  c_w.l(libinit2.o)
    0x0800028e   0x0800028e   0x00000000   Code   RO         1485    .ARM.Collect$$libinit$$00000034  c_w.l(libinit2.o)
    0x0800028e   0x0800028e   0x00000002   Code   RO         1486    .ARM.Collect$$libinit$$00000035  c_w.l(libinit2.o)
    0x08000290   0x08000290   0x00000002   Code   RO         1514    .ARM.Collect$$libshutdown$$00000000  c_w.l(libshutdown.o)
    0x08000292   0x08000292   0x00000000   Code   RO         1545    .ARM.Collect$$libshutdown$$00000002  c_w.l(libshutdown2.o)
    0x08000292   0x08000292   0x00000000   Code   RO         1547    .ARM.Collect$$libshutdown$$00000004  c_w.l(libshutdown2.o)
    0x08000292   0x08000292   0x00000000   Code   RO         1550    .ARM.Collect$$libshutdown$$00000007  c_w.l(libshutdown2.o)
    0x08000292   0x08000292   0x00000000   Code   RO         1553    .ARM.Collect$$libshutdown$$0000000A  c_w.l(libshutdown2.o)
    0x08000292   0x08000292   0x00000000   Code   RO         1555    .ARM.Collect$$libshutdown$$0000000C  c_w.l(libshutdown2.o)
    0x08000292   0x08000292   0x00000000   Code   RO         1558    .ARM.Collect$$libshutdown$$0000000F  c_w.l(libshutdown2.o)
    0x08000292   0x08000292   0x00000002   Code   RO         1559    .ARM.Collect$$libshutdown$$00000010  c_w.l(libshutdown2.o)
    0x08000294   0x08000294   0x00000000   Code   RO         1376    .ARM.Collect$$rtentry$$00000000  c_w.l(__rtentry.o)
    0x08000294   0x08000294   0x00000000   Code   RO         1393    .ARM.Collect$$rtentry$$00000002  c_w.l(__rtentry2.o)
    0x08000294   0x08000294   0x00000006   Code   RO         1405    .ARM.Collect$$rtentry$$00000004  c_w.l(__rtentry4.o)
    0x0800029a   0x0800029a   0x00000000   Code   RO         1395    .ARM.Collect$$rtentry$$00000009  c_w.l(__rtentry2.o)
    0x0800029a   0x0800029a   0x00000004   Code   RO         1396    .ARM.Collect$$rtentry$$0000000A  c_w.l(__rtentry2.o)
    0x0800029e   0x0800029e   0x00000000   Code   RO         1398    .ARM.Collect$$rtentry$$0000000C  c_w.l(__rtentry2.o)
    0x0800029e   0x0800029e   0x00000008   Code   RO         1399    .ARM.Collect$$rtentry$$0000000D  c_w.l(__rtentry2.o)
    0x080002a6   0x080002a6   0x00000002   Code   RO         1432    .ARM.Collect$$rtexit$$00000000  c_w.l(rtexit.o)
    0x080002a8   0x080002a8   0x00000000   Code   RO         1488    .ARM.Collect$$rtexit$$00000002  c_w.l(rtexit2.o)
    0x080002a8   0x080002a8   0x00000004   Code   RO         1489    .ARM.Collect$$rtexit$$00000003  c_w.l(rtexit2.o)
    0x080002ac   0x080002ac   0x00000006   Code   RO         1490    .ARM.Collect$$rtexit$$00000004  c_w.l(rtexit2.o)
    0x080002b2   0x080002b2   0x00000002   PAD
    0x080002b4   0x080002b4   0x00000040   Code   RO            4    .text               startup_stm32g431xx.o
    0x080002f4   0x080002f4   0x000000f0   Code   RO         1329    .text               c_w.l(lludivv7m.o)
    0x080003e4   0x080003e4   0x00000018   Code   RO         1335    .text               c_w.l(noretval__2printf.o)
    0x080003fc   0x080003fc   0x00000028   Code   RO         1337    .text               c_w.l(noretval__2sprintf.o)
    0x08000424   0x08000424   0x00000068   Code   RO         1339    .text               c_w.l(__printf.o)
    0x0800048c   0x0800048c   0x00000052   Code   RO         1341    .text               c_w.l(_printf_str.o)
    0x080004de   0x080004de   0x00000002   PAD
    0x080004e0   0x080004e0   0x00000078   Code   RO         1343    .text               c_w.l(_printf_dec.o)
    0x08000558   0x08000558   0x0000002c   Code   RO         1368    .text               c_w.l(puts.o)
    0x08000584   0x08000584   0x0000004e   Code   RO         1370    .text               c_w.l(rt_memclr_w.o)
    0x080005d2   0x080005d2   0x00000006   Code   RO         1372    .text               c_w.l(heapauxi.o)
    0x080005d8   0x080005d8   0x000000b2   Code   RO         1381    .text               c_w.l(_printf_intcommon.o)
    0x0800068a   0x0800068a   0x00000002   PAD
    0x0800068c   0x0800068c   0x00000030   Code   RO         1383    .text               c_w.l(_printf_char_common.o)
    0x080006bc   0x080006bc   0x0000000a   Code   RO         1385    .text               c_w.l(_sputc.o)
    0x080006c6   0x080006c6   0x0000002c   Code   RO         1387    .text               c_w.l(_printf_char.o)
    0x080006f2   0x080006f2   0x00000002   PAD
    0x080006f4   0x080006f4   0x00000024   Code   RO         1389    .text               c_w.l(_printf_char_file.o)
    0x08000718   0x08000718   0x00000008   Code   RO         1411    .text               c_w.l(ferror.o)
    0x08000720   0x08000720   0x0000004a   Code   RO         1415    .text               c_w.l(sys_stackheap_outer.o)
    0x0800076a   0x0800076a   0x00000012   Code   RO         1417    .text               c_w.l(exit.o)
    0x0800077c   0x0800077c   0x00000008   Code   RO         1429    .text               c_w.l(libspace.o)
    0x08000784   0x08000784   0x00000002   Code   RO          102    .text.BusFault_Handler  stm32g4xx_it.o
    0x08000786   0x08000786   0x00000002   PAD
    0x08000788   0x08000788   0x00000002   Code   RO          108    .text.DebugMon_Handler  stm32g4xx_it.o
    0x0800078a   0x0800078a   0x00000002   PAD
    0x0800078c   0x0800078c   0x0000000a   Code   RO           19    .text.Error_Handler  main.o
    0x08000796   0x08000796   0x00000002   PAD
    0x08000798   0x08000798   0x0000006e   Code   RO          891    .text.HAL_DMA_Abort  stm32g4xx_hal_dma.o
    0x08000806   0x08000806   0x00000002   PAD
    0x08000808   0x08000808   0x0000007e   Code   RO          893    .text.HAL_DMA_Abort_IT  stm32g4xx_hal_dma.o
    0x08000886   0x08000886   0x00000002   PAD
    0x08000888   0x08000888   0x00000028   Code   RO          612    .text.HAL_Delay     stm32g4xx_hal.o
    0x080008b0   0x080008b0   0x0000019c   Code   RO          833    .text.HAL_GPIO_Init  stm32g4xx_hal_gpio.o
    0x08000a4c   0x08000a4c   0x0000000a   Code   RO          837    .text.HAL_GPIO_ReadPin  stm32g4xx_hal_gpio.o
    0x08000a56   0x08000a56   0x00000002   PAD
    0x08000a58   0x08000a58   0x0000000c   Code   RO          839    .text.HAL_GPIO_WritePin  stm32g4xx_hal_gpio.o
    0x08000a64   0x08000a64   0x0000000c   Code   RO          604    .text.HAL_GetTick   stm32g4xx_hal.o
    0x08000a70   0x08000a70   0x0000001a   Code   RO          602    .text.HAL_IncTick   stm32g4xx_hal.o
    0x08000a8a   0x08000a8a   0x00000002   PAD
    0x08000a8c   0x08000a8c   0x0000001e   Code   RO          592    .text.HAL_Init      stm32g4xx_hal.o
    0x08000aaa   0x08000aaa   0x00000002   PAD
    0x08000aac   0x08000aac   0x00000054   Code   RO          594    .text.HAL_InitTick  stm32g4xx_hal.o
    0x08000b00   0x08000b00   0x00000034   Code   RO          128    .text.HAL_MspInit   stm32g4xx_hal_msp.o
    0x08000b34   0x08000b34   0x00000022   Code   RO          977    .text.HAL_NVIC_EnableIRQ  stm32g4xx_hal_cortex.o
    0x08000b56   0x08000b56   0x00000002   PAD
    0x08000b58   0x08000b58   0x00000056   Code   RO          975    .text.HAL_NVIC_SetPriority  stm32g4xx_hal_cortex.o
    0x08000bae   0x08000bae   0x00000002   PAD
    0x08000bb0   0x08000bb0   0x00000020   Code   RO          973    .text.HAL_NVIC_SetPriorityGrouping  stm32g4xx_hal_cortex.o
    0x08000bd0   0x08000bd0   0x00000124   Code   RO          512    .text.HAL_PWREx_ControlVoltageScaling  stm32g4xx_hal_pwr_ex.o
    0x08000cf4   0x08000cf4   0x00000012   Code   RO          582    .text.HAL_PWREx_DisableUCPDDeadBattery  stm32g4xx_hal_pwr_ex.o
    0x08000d06   0x08000d06   0x00000002   PAD
    0x08000d08   0x08000d08   0x00000262   Code   RO          717    .text.HAL_RCCEx_PeriphCLKConfig  stm32g4xx_hal_rcc_ex.o
    0x08000f6a   0x08000f6a   0x00000002   PAD
    0x08000f6c   0x08000f6c   0x00000304   Code   RO          683    .text.HAL_RCC_ClockConfig  stm32g4xx_hal_rcc.o
    0x08001270   0x08001270   0x0000002a   Code   RO          691    .text.HAL_RCC_GetPCLK1Freq  stm32g4xx_hal_rcc.o
    0x0800129a   0x0800129a   0x00000002   PAD
    0x0800129c   0x0800129c   0x0000002a   Code   RO          693    .text.HAL_RCC_GetPCLK2Freq  stm32g4xx_hal_rcc.o
    0x080012c6   0x080012c6   0x00000002   PAD
    0x080012c8   0x080012c8   0x00000082   Code   RO          685    .text.HAL_RCC_GetSysClockFreq  stm32g4xx_hal_rcc.o
    0x0800134a   0x0800134a   0x00000002   PAD
    0x0800134c   0x0800134c   0x00000498   Code   RO          681    .text.HAL_RCC_OscConfig  stm32g4xx_hal_rcc.o
    0x080017e4   0x080017e4   0x00000018   Code   RO          999    .text.HAL_SYSTICK_CLKSourceConfig  stm32g4xx_hal_cortex.o
    0x080017fc   0x080017fc   0x0000002c   Code   RO          985    .text.HAL_SYSTICK_Config  stm32g4xx_hal_cortex.o
    0x08001828   0x08001828   0x00000002   Code   RO          487    .text.HAL_TIMEx_Break2Callback  stm32g4xx_hal_tim_ex.o
    0x0800182a   0x0800182a   0x00000002   PAD
    0x0800182c   0x0800182c   0x00000002   Code   RO          485    .text.HAL_TIMEx_BreakCallback  stm32g4xx_hal_tim_ex.o
    0x0800182e   0x0800182e   0x00000002   PAD
    0x08001830   0x08001830   0x00000002   Code   RO          481    .text.HAL_TIMEx_CommutCallback  stm32g4xx_hal_tim_ex.o
    0x08001832   0x08001832   0x00000002   PAD
    0x08001834   0x08001834   0x00000002   Code   RO          491    .text.HAL_TIMEx_DirectionChangeCallback  stm32g4xx_hal_tim_ex.o
    0x08001836   0x08001836   0x00000002   PAD
    0x08001838   0x08001838   0x00000002   Code   RO          489    .text.HAL_TIMEx_EncoderIndexCallback  stm32g4xx_hal_tim_ex.o
    0x0800183a   0x0800183a   0x00000002   PAD
    0x0800183c   0x0800183c   0x00000002   Code   RO          493    .text.HAL_TIMEx_IndexErrorCallback  stm32g4xx_hal_tim_ex.o
    0x0800183e   0x0800183e   0x00000002   PAD
    0x08001840   0x08001840   0x000000a6   Code   RO          431    .text.HAL_TIMEx_MasterConfigSynchronization  stm32g4xx_hal_tim_ex.o
    0x080018e6   0x080018e6   0x00000002   PAD
    0x080018e8   0x080018e8   0x00000002   Code   RO          495    .text.HAL_TIMEx_TransitionErrorCallback  stm32g4xx_hal_tim_ex.o
    0x080018ea   0x080018ea   0x00000002   PAD
    0x080018ec   0x080018ec   0x00000062   Code   RO          136    .text.HAL_TIM_Base_Init  stm32g4xx_hal_tim.o
    0x0800194e   0x0800194e   0x00000002   PAD
    0x08001950   0x08001950   0x00000072   Code   RO           59    .text.HAL_TIM_Base_MspInit  tim.o
    0x080019c2   0x080019c2   0x00000002   PAD
    0x080019c4   0x080019c4   0x00000092   Code   RO          150    .text.HAL_TIM_Base_Start_IT  stm32g4xx_hal_tim.o
    0x08001a56   0x08001a56   0x00000002   PAD
    0x08001a58   0x08001a58   0x000001f6   Code   RO          316    .text.HAL_TIM_ConfigClockSource  stm32g4xx_hal_tim.o
    0x08001c4e   0x08001c4e   0x00000002   PAD
    0x08001c50   0x08001c50   0x00000002   Code   RO          272    .text.HAL_TIM_IC_CaptureCallback  stm32g4xx_hal_tim.o
    0x08001c52   0x08001c52   0x00000002   PAD
    0x08001c54   0x08001c54   0x000001c6   Code   RO          270    .text.HAL_TIM_IRQHandler  stm32g4xx_hal_tim.o
    0x08001e1a   0x08001e1a   0x00000002   PAD
    0x08001e1c   0x08001e1c   0x00000332   Code   RO          282    .text.HAL_TIM_OC_ConfigChannel  stm32g4xx_hal_tim.o
    0x0800214e   0x0800214e   0x00000002   PAD
    0x08002150   0x08002150   0x00000002   Code   RO          274    .text.HAL_TIM_OC_DelayElapsedCallback  stm32g4xx_hal_tim.o
    0x08002152   0x08002152   0x00000002   PAD
    0x08002154   0x08002154   0x00000062   Code   RO          164    .text.HAL_TIM_OC_Init  stm32g4xx_hal_tim.o
    0x080021b6   0x080021b6   0x00000002   PAD
    0x080021b8   0x080021b8   0x00000002   Code   RO          166    .text.HAL_TIM_OC_MspInit  stm32g4xx_hal_tim.o
    0x080021ba   0x080021ba   0x00000002   PAD
    0x080021bc   0x080021bc   0x00000002   Code   RO          276    .text.HAL_TIM_PWM_PulseFinishedCallback  stm32g4xx_hal_tim.o
    0x080021be   0x080021be   0x00000002   PAD
    0x080021c0   0x080021c0   0x00000196   Code   RO          202    .text.HAL_TIM_PWM_Start_IT  stm32g4xx_hal_tim.o
    0x08002356   0x08002356   0x00000002   PAD
    0x08002358   0x08002358   0x000001ac   Code   RO           21    .text.HAL_TIM_PeriodElapsedCallback  main.o
    0x08002504   0x08002504   0x00000002   Code   RO          280    .text.HAL_TIM_TriggerCallback  stm32g4xx_hal_tim.o
    0x08002506   0x08002506   0x00000002   PAD
    0x08002508   0x08002508   0x00000036   Code   RO         1181    .text.HAL_UARTEx_DisableFifoMode  stm32g4xx_hal_uart_ex.o
    0x0800253e   0x0800253e   0x00000002   PAD
    0x08002540   0x08002540   0x00000002   Code   RO         1109    .text.HAL_UARTEx_RxEventCallback  stm32g4xx_hal_uart.o
    0x08002542   0x08002542   0x00000002   PAD
    0x08002544   0x08002544   0x00000002   Code   RO         1167    .text.HAL_UARTEx_RxFifoFullCallback  stm32g4xx_hal_uart_ex.o
    0x08002546   0x08002546   0x00000002   PAD
    0x08002548   0x08002548   0x00000090   Code   RO         1185    .text.HAL_UARTEx_SetRxFifoThreshold  stm32g4xx_hal_uart_ex.o
    0x080025d8   0x080025d8   0x00000090   Code   RO         1183    .text.HAL_UARTEx_SetTxFifoThreshold  stm32g4xx_hal_uart_ex.o
    0x08002668   0x08002668   0x00000002   Code   RO         1169    .text.HAL_UARTEx_TxFifoEmptyCallback  stm32g4xx_hal_uart_ex.o
    0x0800266a   0x0800266a   0x00000002   PAD
    0x0800266c   0x0800266c   0x00000002   Code   RO         1165    .text.HAL_UARTEx_WakeupCallback  stm32g4xx_hal_uart_ex.o
    0x0800266e   0x0800266e   0x00000002   PAD
    0x08002670   0x08002670   0x00000002   Code   RO         1107    .text.HAL_UART_ErrorCallback  stm32g4xx_hal_uart.o
    0x08002672   0x08002672   0x00000002   PAD
    0x08002674   0x08002674   0x0000000c   Code   RO         1137    .text.HAL_UART_GetState  stm32g4xx_hal_uart.o
    0x08002680   0x08002680   0x0000061a   Code   RO         1103    .text.HAL_UART_IRQHandler  stm32g4xx_hal_uart.o
    0x08002c9a   0x08002c9a   0x00000002   PAD
    0x08002c9c   0x08002c9c   0x00000062   Code   RO         1019    .text.HAL_UART_Init  stm32g4xx_hal_uart.o
    0x08002cfe   0x08002cfe   0x00000002   PAD
    0x08002d00   0x08002d00   0x00000094   Code   RO           75    .text.HAL_UART_MspInit  usart.o
    0x08002d94   0x08002d94   0x000000a4   Code   RO         1055    .text.HAL_UART_Receive_IT  stm32g4xx_hal_uart.o
    0x08002e38   0x08002e38   0x00000072   Code   RO           13    .text.HAL_UART_RxCpltCallback  main.o
    0x08002eaa   0x08002eaa   0x00000002   PAD
    0x08002eac   0x08002eac   0x000000f0   Code   RO         1039    .text.HAL_UART_Transmit  stm32g4xx_hal_uart.o
    0x08002f9c   0x08002f9c   0x00000002   Code   RO         1111    .text.HAL_UART_TxCpltCallback  stm32g4xx_hal_uart.o
    0x08002f9e   0x08002f9e   0x00000002   PAD
    0x08002fa0   0x08002fa0   0x00000002   Code   RO           98    .text.HardFault_Handler  stm32g4xx_it.o
    0x08002fa2   0x08002fa2   0x00000002   PAD
    0x08002fa4   0x08002fa4   0x000001bc   Code   RO         1256    .text.LCD_Clear     lcd.o
    0x08003160   0x08003160   0x0000004c   Code   RO         1254    .text.LCD_DisplayStringLine  lcd.o
    0x080031ac   0x080031ac   0x0000016c   Code   RO         1264    .text.LCD_DrawChar  lcd.o
    0x08003318   0x08003318   0x0000022e   Code   RO         1242    .text.LCD_Init      lcd.o
    0x08003546   0x08003546   0x00000002   PAD
    0x08003548   0x08003548   0x00000018   Code   RO         1250    .text.LCD_SetBackColor  lcd.o
    0x08003560   0x08003560   0x000000dc   Code   RO         1258    .text.LCD_SetCursor  lcd.o
    0x0800363c   0x0800363c   0x00000018   Code   RO         1248    .text.LCD_SetTextColor  lcd.o
    0x08003654   0x08003654   0x00000074   Code   RO           43    .text.MX_GPIO_Init  gpio.o
    0x080036c8   0x080036c8   0x000000fc   Code   RO           53    .text.MX_TIM2_Init  tim.o
    0x080037c4   0x080037c4   0x00000052   Code   RO           57    .text.MX_TIM6_Init  tim.o
    0x08003816   0x08003816   0x00000002   PAD
    0x08003818   0x08003818   0x0000008c   Code   RO           73    .text.MX_USART1_UART_Init  usart.o
    0x080038a4   0x080038a4   0x00000002   Code   RO          100    .text.MemManage_Handler  stm32g4xx_it.o
    0x080038a6   0x080038a6   0x00000002   PAD
    0x080038a8   0x080038a8   0x00000002   Code   RO           96    .text.NMI_Handler   stm32g4xx_it.o
    0x080038aa   0x080038aa   0x00000002   PAD
    0x080038ac   0x080038ac   0x00000002   Code   RO          110    .text.PendSV_Handler  stm32g4xx_it.o
    0x080038ae   0x080038ae   0x00000002   PAD
    0x080038b0   0x080038b0   0x00000c0c   Code   RO         1236    .text.REG_8230_Init  lcd.o
    0x080044bc   0x080044bc   0x0000174e   Code   RO         1240    .text.REG_932X_Init  lcd.o
    0x08005c0a   0x08005c0a   0x00000002   PAD
    0x08005c0c   0x08005c0c   0x00000002   Code   RO          106    .text.SVC_Handler   stm32g4xx_it.o
    0x08005c0e   0x08005c0e   0x00000002   PAD
    0x08005c10   0x08005c10   0x00000004   Code   RO          112    .text.SysTick_Handler  stm32g4xx_it.o
    0x08005c14   0x08005c14   0x00000012   Code   RO         1204    .text.SystemInit    system_stm32g4xx.o
    0x08005c26   0x08005c26   0x00000002   PAD
    0x08005c28   0x08005c28   0x0000000c   Code   RO          114    .text.TIM2_IRQHandler  stm32g4xx_it.o
    0x08005c34   0x08005c34   0x0000000c   Code   RO          118    .text.TIM6_DAC_IRQHandler  stm32g4xx_it.o
    0x08005c40   0x08005c40   0x00000114   Code   RO          140    .text.TIM_Base_SetConfig  stm32g4xx_hal_tim.o
    0x08005d54   0x08005d54   0x000000e2   Code   RO         1023    .text.UART_AdvFeatureConfig  stm32g4xx_hal_uart.o
    0x08005e36   0x08005e36   0x00000002   PAD
    0x08005e38   0x08005e38   0x00000166   Code   RO         1027    .text.UART_CheckIdleState  stm32g4xx_hal_uart.o
    0x08005f9e   0x08005f9e   0x00000002   PAD
    0x08005fa0   0x08005fa0   0x00000010   Code   RO         1105    .text.UART_DMAAbortOnError  stm32g4xx_hal_uart.o
    0x08005fb0   0x08005fb0   0x000001a8   Code   RO         1145    .text.UART_RxISR_16BIT  stm32g4xx_hal_uart.o
    0x08006158   0x08006158   0x00000312   Code   RO         1141    .text.UART_RxISR_16BIT_FIFOEN  stm32g4xx_hal_uart.o
    0x0800646a   0x0800646a   0x00000002   PAD
    0x0800646c   0x0800646c   0x000001ac   Code   RO         1147    .text.UART_RxISR_8BIT  stm32g4xx_hal_uart.o
    0x08006618   0x08006618   0x00000316   Code   RO         1143    .text.UART_RxISR_8BIT_FIFOEN  stm32g4xx_hal_uart.o
    0x0800692e   0x0800692e   0x00000002   PAD
    0x08006930   0x08006930   0x00000284   Code   RO         1025    .text.UART_SetConfig  stm32g4xx_hal_uart.o
    0x08006bb4   0x08006bb4   0x0000025e   Code   RO         1057    .text.UART_Start_Receive_IT  stm32g4xx_hal_uart.o
    0x08006e12   0x08006e12   0x00000002   PAD
    0x08006e14   0x08006e14   0x000002ea   Code   RO         1041    .text.UART_WaitOnFlagUntilTimeout  stm32g4xx_hal_uart.o
    0x080070fe   0x080070fe   0x00000002   PAD
    0x08007100   0x08007100   0x00000058   Code   RO          116    .text.USART1_IRQHandler  stm32g4xx_it.o
    0x08007158   0x08007158   0x00000002   Code   RO          104    .text.UsageFault_Handler  stm32g4xx_it.o
    0x0800715a   0x0800715a   0x00000002   PAD
    0x0800715c   0x0800715c   0x00000002   Code   RO           79    .text._sys_exit     usart.o
    0x0800715e   0x0800715e   0x00000002   PAD
    0x08007160   0x08007160   0x00000016   Code   RO         1219    .text.delay_init    delay.o
    0x08007176   0x08007176   0x00000002   PAD
    0x08007178   0x08007178   0x0000001e   Code   RO           81    .text.fputc         usart.o
    0x08007196   0x08007196   0x00000002   PAD
    0x08007198   0x08007198   0x000000a8   Code   RO         1314    .text.led_OFF       led.o
    0x08007240   0x08007240   0x000000ac   Code   RO         1312    .text.led_ON        led.o
    0x080072ec   0x080072ec   0x0000001c   Code   RO         1316    .text.led_Toggle    led.o
    0x08007308   0x08007308   0x00000098   Code   RO         1310    .text.led_init      led.o
    0x080073a0   0x080073a0   0x0000032c   Code   RO           15    .text.main          main.o
    0x080076cc   0x080076cc   0x0000001a   Code   RO         1500    x$fpl$fpinit        fz_wm.l(fpinit.o)
    0x080076e6   0x080076e6   0x00000010   Data   RO         1209    .rodata.AHBPrescTable  system_stm32g4xx.o
    0x080076f6   0x080076f6   0x00000008   Data   RO         1210    .rodata.APBPrescTable  system_stm32g4xx.o
    0x080076fe   0x080076fe   0x000011d0   Data   RO         1296    .rodata.ASCII_Table  lcd.o
    0x080088ce   0x080088ce   0x00000018   Data   RO         1153    .rodata.UARTPrescTable  stm32g4xx_hal_uart.o
    0x080088e6   0x080088e6   0x00000002   PAD
    0x080088e8   0x080088e8   0x00000020   Data   RO          356    .rodata.cst16       stm32g4xx_hal_tim.o
    0x08008908   0x08008908   0x00000010   Data   RO         1154    .rodata.cst16       stm32g4xx_hal_uart.o
    0x08008918   0x08008918   0x00000010   Data   RO         1195    .rodata.cst8        stm32g4xx_hal_uart_ex.o
    0x08008928   0x08008928   0x00000020   Data   RO         1561    Region$$Table       anon$$obj.o


    Execution Region RW_IRAM1 (Exec base: 0x20000000, Load base: 0x08008948, Size: 0x00000948, Max: 0x00008000, ABSOLUTE)

    Exec Addr    Load Addr    Size         Type   Attr      Idx    E Section Name        Object

    0x20000000   0x08008948   0x00000002   Data   RW         1299    .data.BackColor     lcd.o
    0x20000002   0x0800894a   0x00000002   PAD
    0x20000004   0x0800894c   0x00000004   Data   RW         1208    .data.SystemCoreClock  system_stm32g4xx.o
    0x20000008   0x08008950   0x0000000b   Data   RW           28    .data.secret        main.o
    0x20000013   0x0800895b   0x00000001   PAD
    0x20000014   0x0800895c   0x00000004   Data   RW          669    .data.uwTickFreq    stm32g4xx_hal.o
    0x20000018   0x08008960   0x00000004   Data   RW          668    .data.uwTickPrio    stm32g4xx_hal.o
    0x2000001c   0x08008964   0x00000004   PAD
    0x20000020        -       0x00000060   Zero   RW         1430    .bss                c_w.l(libspace.o)
    0x20000080        -       0x00000002   Zero   RW         1298    .bss.TextColor      lcd.o
    0x20000082   0x08008964   0x00000002   PAD
    0x20000084        -       0x000000c8   Zero   RW           85    .bss.USART1_RECEIVE_ARRAY  usart.o
    0x2000014c        -       0x00000001   Zero   RW           86    .bss.USART1_RECEIVE_DATA  usart.o
    0x2000014d   0x08008964   0x00000001   PAD
    0x2000014e        -       0x00000002   Zero   RW           83    .bss.USART1_RECEIVE_STATE  usart.o
    0x20000150        -       0x00000054   Zero   RW           87    .bss.__stdout       usart.o
    0x200001a4        -       0x00000003   Zero   RW           30    .bss.ans            main.o
    0x200001a7   0x08008964   0x00000001   PAD
    0x200001a8        -       0x00000004   Zero   RW           31    .bss.counter        main.o
    0x200001ac        -       0x00000002   Zero   RW         1297    .bss.dummy          lcd.o
    0x200001ae   0x08008964   0x00000002   PAD
    0x200001b0        -       0x00000004   Zero   RW         1225    .bss.fac_us         delay.o
    0x200001b4        -       0x0000004c   Zero   RW           63    .bss.htim2          tim.o
    0x20000200        -       0x0000004c   Zero   RW           64    .bss.htim6          tim.o
    0x2000024c        -       0x00000094   Zero   RW           84    .bss.huart1         usart.o
    0x200002e0        -       0x00000004   Zero   RW           24    .bss.i1             main.o
    0x200002e4        -       0x00000004   Zero   RW           25    .bss.i2             main.o
    0x200002e8        -       0x00000004   Zero   RW           26    .bss.i3             main.o
    0x200002ec        -       0x00000001   Zero   RW         1318    .bss.led_buff       led.o
    0x200002ed   0x08008964   0x00000003   PAD
    0x200002f0        -       0x00000020   Zero   RW         1319    .bss.led_state      led.o
    0x20000310        -       0x00000004   Zero   RW           23    .bss.mode           main.o
    0x20000314        -       0x00000003   Zero   RW           29    .bss.out            main.o
    0x20000317        -       0x0000001e   Zero   RW           33    .bss.text           main.o
    0x20000335   0x08008964   0x00000003   PAD
    0x20000338        -       0x00000004   Zero   RW          670    .bss.uwTick         stm32g4xx_hal.o
    0x2000033c        -       0x00000004   Zero   RW           27    .bss.wrong          main.o
    0x20000340        -       0x00000004   Zero   RW           32    .bss.wrong_counter  main.o
    0x20000344   0x08008964   0x00000004   PAD
    0x20000348        -       0x00000200   Zero   RW            2    HEAP                startup_stm32g431xx.o
    0x20000548        -       0x00000400   Zero   RW            1    STACK               startup_stm32g431xx.o


==============================================================================

Image component sizes


      Code (inc. data)   RO Data    RW Data    ZI Data      Debug   Object Name

        22          0          0          0          4       3244   delay.o
       116          0          0          0          0       2448   gpio.o
     10760          0       4560          2          4      31844   lcd.o
       520          0          0          0         33       3776   led.o
      1364        152          0         11         64      10254   main.o
        64         26        472          0       1536        856   startup_stm32g431xx.o
       192          0          0          8          4       8879   stm32g4xx_hal.o
       220          0          0          0          0      10197   stm32g4xx_hal_cortex.o
       236          0          0          0          0       9043   stm32g4xx_hal_dma.o
       434          0          0          0          0       5253   stm32g4xx_hal_gpio.o
        52          0          0          0          0       1761   stm32g4xx_hal_msp.o
       310          0          0          0          0       9607   stm32g4xx_hal_pwr_ex.o
      2162          0          0          0          0       9942   stm32g4xx_hal_rcc.o
       610          0          0          0          0      10481   stm32g4xx_hal_rcc_ex.o
      2808         20         32          0          0      61390   stm32g4xx_hal_tim.o
       180          0          0          0          0      29616   stm32g4xx_hal_tim_ex.o
      7106         46         40          0          0      41365   stm32g4xx_hal_uart.o
       348          0         16          0          0      11145   stm32g4xx_hal_uart_ex.o
       132          0          0          0          0       5556   stm32g4xx_it.o
        18          0         24          4          0       2765   system_stm32g4xx.o
       448          0          0          0        152       9819   tim.o
       320          0          0          0        435       9262   usart.o

    ----------------------------------------------------------------------
     28552        244       5178         28       2252     288503   Object Totals
         0          0         32          0          0          0   (incl. Generated)
       130          0          2          3         20          0   (incl. Padding)

    ----------------------------------------------------------------------

      Code (inc. data)   RO Data    RW Data    ZI Data      Debug   Library Member Name

         8          0          0          0          0         68   __main.o
       104          0          0          0          0         84   __printf.o
         0          0          0          0          0          0   __rtentry.o
        12          0          0          0          0          0   __rtentry2.o
         6          0          0          0          0          0   __rtentry4.o
        94          8          0          0          0          0   __scatter.o
        26          0          0          0          0          0   __scatter_copy.o
        28          0          0          0          0          0   __scatter_zi.o
         6          0          0          0          0          0   _printf_c.o
        44          0          0          0          0        108   _printf_char.o
        48          6          0          0          0         96   _printf_char_common.o
        36          4          0          0          0         80   _printf_char_file.o
         6          0          0          0          0          0   _printf_d.o
       120         16          0          0          0         92   _printf_dec.o
       178          0          0          0          0         88   _printf_intcommon.o
         0          0          0          0          0          0   _printf_percent.o
         4          0          0          0          0          0   _printf_percent_end.o
        82          0          0          0          0         80   _printf_str.o
        10          0          0          0          0         68   _sputc.o
        18          0          0          0          0         80   exit.o
         8          0          0          0          0         68   ferror.o
         6          0          0          0          0        152   heapauxi.o
         2          0          0          0          0          0   libinit.o
         6          0          0          0          0          0   libinit2.o
         2          0          0          0          0          0   libshutdown.o
         2          0          0          0          0          0   libshutdown2.o
         8          4          0          0         96         68   libspace.o
       240          0          0          0          0        100   lludivv7m.o
        24          4          0          0          0         84   noretval__2printf.o
        40          6          0          0          0         84   noretval__2sprintf.o
        44          4          0          0          0         84   puts.o
        78          0          0          0          0         80   rt_memclr_w.o
         2          0          0          0          0          0   rtexit.o
        10          0          0          0          0          0   rtexit2.o
        74          0          0          0          0         80   sys_stackheap_outer.o
        26          0          0          0          0        116   fpinit.o

    ----------------------------------------------------------------------
      1414         52          0          0         96       1760   Library Totals
        12          0          0          0          0          0   (incl. Padding)

    ----------------------------------------------------------------------

      Code (inc. data)   RO Data    RW Data    ZI Data      Debug   Library Name

      1376         52          0          0         96       1644   c_w.l
        26          0          0          0          0        116   fz_wm.l

    ----------------------------------------------------------------------
      1414         52          0          0         96       1760   Library Totals

    ----------------------------------------------------------------------

==============================================================================


      Code (inc. data)   RO Data    RW Data    ZI Data      Debug   

     29966        296       5178         28       2348     289151   Grand Totals
     29966        296       5178         28       2348     289151   ELF Image Totals
     29966        296       5178         28          0          0   ROM Totals

==============================================================================

    Total RO  Size (Code + RO Data)                35144 (  34.32kB)
    Total RW  Size (RW Data + ZI Data)              2376 (   2.32kB)
    Total ROM Size (Code + RO Data + RW Data)      35172 (  34.35kB)

==============================================================================

